Archive member included because of file (symbol)

G:\My Drive\R&D\Firmware Design\KHS\KHS\protocol\bluetooth_2.6\lib\EFR32BG1P\GCC\bgapi.a(gecko_bgapi_hardware.c.obj)
                              ./main.o (gecko_bgapi_class_hardware_init)
G:\My Drive\R&D\Firmware Design\KHS\KHS\protocol\bluetooth_2.6\lib\EFR32BG1P\GCC\bgapi.a(gecko_bgapi_test.c.obj)
                              ./main.o (gecko_bgapi_class_test_init)
G:\My Drive\R&D\Firmware Design\KHS\KHS\protocol\bluetooth_2.6\lib\EFR32BG1P\GCC\bgapi.a(gecko_bgapi_dfu.c.obj)
                              ./main.o (gecko_bgapi_class_dfu_init)
G:\My Drive\R&D\Firmware Design\KHS\KHS\protocol\bluetooth_2.6\lib\EFR32BG1P\GCC\bgapi.a(gecko_bgapi_gap.c.obj)
                              ./main.o (gecko_bgapi_class_le_gap_init)
G:\My Drive\R&D\Firmware Design\KHS\KHS\protocol\bluetooth_2.6\lib\EFR32BG1P\GCC\bgapi.a(gecko_bgapi_gatt.c.obj)
                              ./main.o (gecko_bgapi_class_gatt_init)
G:\My Drive\R&D\Firmware Design\KHS\KHS\protocol\bluetooth_2.6\lib\EFR32BG1P\GCC\bgapi.a(gecko_bgapi_gatt_server.c.obj)
                              ./main.o (gecko_bgapi_class_gatt_server_init)
G:\My Drive\R&D\Firmware Design\KHS\KHS\protocol\bluetooth_2.6\lib\EFR32BG1P\GCC\bgapi.a(gecko_bgapi_flash.c.obj)
                              ./main.o (gecko_bgapi_class_flash_init)
G:\My Drive\R&D\Firmware Design\KHS\KHS\protocol\bluetooth_2.6\lib\EFR32BG1P\GCC\bgapi.a(gecko_bgapi_sm.c.obj)
                              ./main.o (gecko_bgapi_class_sm_init)
G:\My Drive\R&D\Firmware Design\KHS\KHS\protocol\bluetooth_2.6\lib\EFR32BG1P\GCC\bgapi.a(gecko_bgapi_system.c.obj)
                              ./main.o (gecko_bgapi_class_system_init)
G:\My Drive\R&D\Firmware Design\KHS\KHS\protocol\bluetooth_2.6\lib\EFR32BG1P\GCC\bgapi.a(gecko_bgapi_endpoint.c.obj)
                              ./main.o (gecko_bgapi_class_endpoint_init)
G:\My Drive\R&D\Firmware Design\KHS\KHS\protocol\bluetooth_2.6\lib\EFR32BG1P\GCC\bgapi.a(gecko_bgapi_le_connection.c.obj)
                              ./main.o (gecko_bgapi_class_le_connection_init)
G:\My Drive\R&D\Firmware Design\KHS\KHS\protocol\bluetooth_2.6\lib\EFR32BG1P\GCC\bgapi.a(bgapi_hardware.c.obj)
                              G:\My Drive\R&D\Firmware Design\KHS\KHS\protocol\bluetooth_2.6\lib\EFR32BG1P\GCC\bgapi.a(gecko_bgapi_hardware.c.obj) (lib_hardware_handler_init)
G:\My Drive\R&D\Firmware Design\KHS\KHS\protocol\bluetooth_2.6\lib\EFR32BG1P\GCC\bgapi.a(bgapi_test_lib.c.obj)
                              G:\My Drive\R&D\Firmware Design\KHS\KHS\protocol\bluetooth_2.6\lib\EFR32BG1P\GCC\bgapi.a(gecko_bgapi_test.c.obj) (lib_test_handler_init)
G:\My Drive\R&D\Firmware Design\KHS\KHS\protocol\bluetooth_2.6\lib\EFR32BG1P\GCC\bgapi.a(bgapi_dfu.c.obj)
                              G:\My Drive\R&D\Firmware Design\KHS\KHS\protocol\bluetooth_2.6\lib\EFR32BG1P\GCC\bgapi.a(gecko_bgapi_dfu.c.obj) (lib_dfu_handler_init)
G:\My Drive\R&D\Firmware Design\KHS\KHS\protocol\bluetooth_2.6\lib\EFR32BG1P\GCC\bgapi.a(bgapi_gap.c.obj)
                              G:\My Drive\R&D\Firmware Design\KHS\KHS\protocol\bluetooth_2.6\lib\EFR32BG1P\GCC\bgapi.a(gecko_bgapi_gap.c.obj) (lib_le_gap_handler_init)
G:\My Drive\R&D\Firmware Design\KHS\KHS\protocol\bluetooth_2.6\lib\EFR32BG1P\GCC\bgapi.a(bgapi_gatt_lib.c.obj)
                              G:\My Drive\R&D\Firmware Design\KHS\KHS\protocol\bluetooth_2.6\lib\EFR32BG1P\GCC\bgapi.a(gecko_bgapi_gatt.c.obj) (lib_gatt_handler_init)
G:\My Drive\R&D\Firmware Design\KHS\KHS\protocol\bluetooth_2.6\lib\EFR32BG1P\GCC\bgapi.a(bgapi_ps.c.obj)
                              G:\My Drive\R&D\Firmware Design\KHS\KHS\protocol\bluetooth_2.6\lib\EFR32BG1P\GCC\bgapi.a(gecko_bgapi_flash.c.obj) (lib_flash_handler_init)
G:\My Drive\R&D\Firmware Design\KHS\KHS\protocol\bluetooth_2.6\lib\EFR32BG1P\GCC\bgapi.a(bgapi_sm.c.obj)
                              G:\My Drive\R&D\Firmware Design\KHS\KHS\protocol\bluetooth_2.6\lib\EFR32BG1P\GCC\bgapi.a(gecko_bgapi_sm.c.obj) (lib_sm_handler_init)
G:\My Drive\R&D\Firmware Design\KHS\KHS\protocol\bluetooth_2.6\lib\EFR32BG1P\GCC\bgapi.a(bgapi_system.c.obj)
                              G:\My Drive\R&D\Firmware Design\KHS\KHS\protocol\bluetooth_2.6\lib\EFR32BG1P\GCC\bgapi.a(gecko_bgapi_system.c.obj) (lib_system_handler_init)
G:\My Drive\R&D\Firmware Design\KHS\KHS\protocol\bluetooth_2.6\lib\EFR32BG1P\GCC\bgapi.a(bgapi_endpoint.c.obj)
                              G:\My Drive\R&D\Firmware Design\KHS\KHS\protocol\bluetooth_2.6\lib\EFR32BG1P\GCC\bgapi.a(gecko_bgapi_endpoint.c.obj) (lib_endpoint_handler_init)
G:\My Drive\R&D\Firmware Design\KHS\KHS\protocol\bluetooth_2.6\lib\EFR32BG1P\GCC\bgapi.a(bgapi_le_connection.c.obj)
                              G:\My Drive\R&D\Firmware Design\KHS\KHS\protocol\bluetooth_2.6\lib\EFR32BG1P\GCC\bgapi.a(gecko_bgapi_le_connection.c.obj) (lib_le_connection_handler_init)
[...]
Memory Configuration

Name             Origin             Length             Attributes
FLASH_BOOTLOADER 0x00000000         0x00004000         xr
FLASH            0x00004000         0x0003b000         xr
RAM              0x20003000         0x00004bfc         xrw
*default*        0x00000000         0xffffffff

Linker script and memory map

LOAD c:/siliconlabs/simplicitystudio/v4/developer/toolchains/gnu_arm/4.9_2015q3/bin/../lib/gcc/arm-none-eabi/4.9.3/armv7e-m/fpu/crti.o
LOAD c:/siliconlabs/simplicitystudio/v4/developer/toolchains/gnu_arm/4.9_2015q3/bin/../lib/gcc/arm-none-eabi/4.9.3/armv7e-m/fpu/crtbegin.o
LOAD c:/siliconlabs/simplicitystudio/v4/developer/toolchains/gnu_arm/4.9_2015q3/bin/../lib/gcc/arm-none-eabi/4.9.3/../../../../arm-none-eabi/lib/armv7e-m/fpu/crt0.o
LOAD ./.metadata/.plugins/org.eclipse.cdt.make.core/specs.o
LOAD ./advertisement.o
LOAD ./app.o
LOAD ./app_ble.o
LOAD ./app_data.o
LOAD ./app_hw.o
LOAD ./app_ui.o
LOAD ./application_properties.o
LOAD ./beacon.o
LOAD ./board.o
LOAD ./gatt_db.o
LOAD ./graphics.o
LOAD ./ia.o
LOAD ./main.o
LOAD ./mcu.o
LOAD ./payloadbuffer.o
LOAD ./pti.o
LOAD ./hardware/kit/common/bsp/bsp_stk.o
LOAD ./hardware/kit/common/bsp/bsp_stk_leds.o
LOAD ./hardware/kit/common/drivers/display.o
LOAD ./hardware/kit/common/drivers/displayls013b7dh03.o
LOAD ./hardware/kit/common/drivers/displaypalemlib.o
LOAD ./hardware/kit/common/drivers/h3lis331dl.o
LOAD ./hardware/kit/common/drivers/i2cspm.o
LOAD ./hardware/kit/common/drivers/lsm6dsl.o
LOAD ./hardware/kit/common/drivers/s23lc1024.o
LOAD ./hardware/kit/common/drivers/si7013.o
LOAD ./hardware/kit/common/drivers/tempsens.o
LOAD ./hardware/kit/common/drivers/udelay.o
LOAD ./platform/Device/SiliconLabs/EFR32BG1P/Source/GCC/startup_efr32bg1p.o
LOAD ./platform/emdrv/dmadrv/src/dmadrv.o
LOAD ./platform/emdrv/gpiointerrupt/src/gpiointerrupt.o
LOAD ./platform/emdrv/letimer/src/letimer.o
LOAD ./platform/emdrv/mstimer/src/mstimer.o
LOAD ./platform/emdrv/uartdrv/src/uartdrv.o
LOAD ./platform/emdrv/ustimer/src/ustimer.o
LOAD ./platform/emdrv/wdog/src/wdog.o
LOAD ./platform/emlib/src/em_adc.o
LOAD ./platform/emlib/src/em_cmu.o
LOAD ./platform/emlib/src/em_cryotimer.o
LOAD ./platform/emlib/src/em_gpio.o
LOAD ./platform/emlib/src/em_i2c.o
LOAD ./platform/emlib/src/em_ldma.o
LOAD ./platform/emlib/src/em_letimer.o
LOAD ./platform/emlib/src/em_leuart.o
LOAD ./platform/emlib/src/em_msc.o
LOAD ./platform/emlib/src/em_rtcc.o
LOAD ./platform/emlib/src/em_system.o
LOAD ./platform/emlib/src/em_timer.o
LOAD ./platform/emlib/src/em_usart.o
LOAD ./platform/emlib/src/em_wdog.o
LOAD ./platform/middleware/glib/dmd/display/dmd_display.o
LOAD ./platform/middleware/glib/glib/bmp.o
LOAD ./platform/middleware/glib/glib/glib.o
LOAD ./platform/middleware/glib/glib/glib_bitmap.o
LOAD ./platform/middleware/glib/glib/glib_circle.o
LOAD ./platform/middleware/glib/glib/glib_font_narrow_6x8.o
LOAD ./platform/middleware/glib/glib/glib_font_normal_8x8.o
LOAD ./platform/middleware/glib/glib/glib_font_number_16x20.o
LOAD ./platform/middleware/glib/glib/glib_line.o
LOAD ./platform/middleware/glib/glib/glib_polygon.o
LOAD ./platform/middleware/glib/glib/glib_rectangle.o
LOAD ./platform/middleware/glib/glib/glib_string.o
LOAD G:\My Drive\R&D\Firmware Design\KHS\KHS\protocol\bluetooth_2.6\lib\EFR32BG1P\EABI\binbootloader.o
LOAD G:\My Drive\R&D\Firmware Design\KHS\KHS\protocol\bluetooth_2.6\lib\EFR32BG1P\EABI\binstack.o
LOAD G:\My Drive\R&D\Firmware Design\KHS\KHS\protocol\bluetooth_2.6\lib\EFR32BG1P\GCC\bgapi.a
LOAD G:\My Drive\R&D\Firmware Design\KHS\KHS\protocol\bluetooth_2.6\lib\EFR32BG1P\EABI\stack.a
LOAD c:/siliconlabs/simplicitystudio/v4/developer/toolchains/gnu_arm/4.9_2015q3/bin/../lib/gcc/arm-none-eabi/4.9.3/../../../../arm-none-eabi/lib/armv7e-m/fpu\libm.a
START GROUP
LOAD c:/siliconlabs/simplicitystudio/v4/developer/toolchains/gnu_arm/4.9_2015q3/bin/../lib/gcc/arm-none-eabi/4.9.3/armv7e-m/fpu\libgcc.a
LOAD c:/siliconlabs/simplicitystudio/v4/developer/toolchains/gnu_arm/4.9_2015q3/bin/../lib/gcc/arm-none-eabi/4.9.3/../../../../arm-none-eabi/lib/armv7e-m/fpu\libc.a
LOAD c:/siliconlabs/simplicitystudio/v4/developer/toolchains/gnu_arm/4.9_2015q3/bin/../lib/gcc/arm-none-eabi/4.9.3/../../../../arm-none-eabi/lib/armv7e-m/fpu\libnosys.a
END GROUP
START GROUP
LOAD c:/siliconlabs/simplicitystudio/v4/developer/toolchains/gnu_arm/4.9_2015q3/bin/../lib/gcc/arm-none-eabi/4.9.3/armv7e-m/fpu\libgcc.a
LOAD c:/siliconlabs/simplicitystudio/v4/developer/toolchains/gnu_arm/4.9_2015q3/bin/../lib/gcc/arm-none-eabi/4.9.3/../../../../arm-none-eabi/lib/armv7e-m/fpu\libg.a
LOAD c:/siliconlabs/simplicitystudio/v4/developer/toolchains/gnu_arm/4.9_2015q3/bin/../lib/gcc/arm-none-eabi/4.9.3/../../../../arm-none-eabi/lib/armv7e-m/fpu\libc.a
END GROUP
LOAD c:/siliconlabs/simplicitystudio/v4/developer/toolchains/gnu_arm/4.9_2015q3/bin/../lib/gcc/arm-none-eabi/4.9.3/armv7e-m/fpu/crtend.o
LOAD c:/siliconlabs/simplicitystudio/v4/developer/toolchains/gnu_arm/4.9_2015q3/bin/../lib/gcc/arm-none-eabi/4.9.3/armv7e-m/fpu/crtn.o

.text_bootloader
                0x00000000     0x4000
 *(.binbootloader*)
 .binbootloader
                0x00000000      0x31c G:\My Drive\R&D\Firmware Design\KHS\KHS\protocol\bluetooth_2.6\lib\EFR32BG1P\EABI\binbootloader.o
                0x00004000                . = ALIGN (0x4000)
 *fill*         0x0000031c     0x3ce4 

.text_stack_bin
                0x00004000    0x1d681
 *(.binstack*)
 .binstack      0x00004000    0x1d681 G:\My Drive\R&D\Firmware Design\KHS\KHS\protocol\bluetooth_2.6\lib\EFR32BG1P\EABI\binstack.o

.text_signature
                0x00021681      0x17f
                0x000216c1                . = (. + 0x40)
 *fill*         0x00021681       0x40 
                0x00021800                . = ALIGN (0x800)
 *fill*         0x000216c1      0x13f 
                0x00021800                __text_start__ = .

.text_app       0x00021800     0xbd6c
 *(.AAT)
 .AAT           0x00021800       0x80 ./main.o
                0x00021800                AppAddressTable
 *(.vectors)
 .vectors       0x00021880       0xc8 ./platform/Device/SiliconLabs/EFR32BG1P/Source/GCC/startup_efr32bg1p.o
                0x00021880                __Vectors
                0x00021948                __Vectors_End = .
                0x000000c8                __Vectors_Size = (__Vectors_End - __Vectors)
                0x00021948                __end__ = .
 *(.gecko_configuration)
 *(.xo_configuration)
 *(.gatt_header)
 .gatt_header   0x00021948       0x34 ./gatt_db.o
                0x00021948                bg_gattdb_data
 *(.gatt_data)
 .gatt_data     0x0002197c      0x274 ./gatt_db.o
                0x0002197c                bg_gattdb_data_adv_uuid128_map
                0x00021980                bg_gattdb_data_adv_uuid16_map
                0x00021984                bg_gattdb_data_attributes_dynamic_mapping_map
                0x00021990                bg_gattdb_data_attributes_map
                0x00021ac8                bg_gattdb_data_attribute_field_0
                0x00021acc                bg_gattdb_data_attribute_field_1
                0x00021ad4                bg_gattdb_data_attribute_field_2
                0x00021adc                bg_gattdb_data_attribute_field_4
                0x00021ae0                bg_gattdb_data_attribute_field_5
                0x00021ae8                bg_gattdb_data_attribute_field_6
                0x00021b00                bg_gattdb_data_attribute_field_7
                0x00021b08                bg_gattdb_data_attribute_field_8
                0x00021b0c                bg_gattdb_data_attribute_field_9
                0x00021b10                bg_gattdb_data_attribute_field_10
                0x00021b18                bg_gattdb_data_attribute_field_11
                0x00021b28                bg_gattdb_data_attribute_field_12
                0x00021b30                bg_gattdb_data_attribute_field_13
                0x00021b48                bg_gattdb_data_attribute_field_14
                0x00021b5c                bg_gattdb_data_attribute_field_15
                0x00021b74                bg_gattdb_data_attribute_field_16
                0x00021b7c                bg_gattdb_data_attribute_field_17
                0x00021b80                bg_gattdb_data_attribute_field_18
                0x00021b88                bg_gattdb_data_attribute_field_19
                0x00021b90                bg_gattdb_data_attribute_field_21
                0x00021b98                bg_gattdb_data_attribute_field_22
                0x00021ba0                bg_gattdb_data_attribute_field_24
                0x00021ba8                bg_gattdb_data_attribute_field_25
                0x00021bb0                bg_gattdb_data_uuidtable_128_map
                0x00021bd0                bg_gattdb_data_uuidtable_16_map
 *(.application_properties)
 .application_properties
                0x00021bf0       0x38 ./application_properties.o
                0x00021bf0                applicationProperties
 *(.text*)
 .text          0x00021c28       0x5c c:/siliconlabs/simplicitystudio/v4/developer/toolchains/gnu_arm/4.9_2015q3/bin/../lib/gcc/arm-none-eabi/4.9.3/armv7e-m/fpu/crtbegin.o
 .text          0x00021c84       0x74 c:/siliconlabs/simplicitystudio/v4/developer/toolchains/gnu_arm/4.9_2015q3/bin/../lib/gcc/arm-none-eabi/4.9.3/../../../../arm-none-eabi/lib/armv7e-m/fpu/crt0.o
                0x00021c84                _start
                0x00021c84                _mainCRTStartup
 .text.advSetup
                0x00021cf8       0x4c ./advertisement.o
                0x00021cf8                advSetup
 .text.advConnectionStarted
                0x00021d44        0xc ./advertisement.o
                0x00021d44                advConnectionStarted
 .text.InitApp  0x00021d50       0x38 ./app.o
                0x00021d50                InitApp
 .text.HandleEventsApp
                0x00021d88      0x170 ./app.o
                0x00021d88                HandleEventsApp
 .text.rtcIntCallbackRegister
                0x00021ef8       0x40 ./app.o
                0x00021ef8                rtcIntCallbackRegister
 .text.InitAppBle
                0x00021f38        0xc ./app_ble.o
                0x00021f38                InitAppBle
 .text.KhsDataCharUpdate
                0x00021f44       0x84 ./app_ble.o
                0x00021f44                KhsDataCharUpdate
 .text.KhsDataCharStatusChange
                0x00021fc8       0x10 ./app_ble.o
                0x00021fc8                KhsDataCharStatusChange
 .text.KhsHighAccelCharUpdate
                0x00021fd8       0x48 ./app_ble.o
                0x00021fd8                KhsHighAccelCharUpdate
 .text.KhsHighAccelCharStatusChange
                0x00022020       0x10 ./app_ble.o
                0x00022020                KhsHighAccelCharStatusChange
 .text.KhsDiagInfoCharWrite
                0x00022030       0x38 ./app_ble.o
                0x00022030                KhsDiagInfoCharWrite
 .text.highAccelAppDataInterrupt
                0x00022068       0x24 ./app_data.o
 .text.lowAccelGyroAppDataInterrupt
                0x0002208c       0x24 ./app_data.o
 .text.InitAppData
                0x000220b0       0x20 ./app_data.o
                0x000220b0                InitAppData
 .text.appBtnCback
                0x000220d0       0x1c ./app_hw.o
 .text.InitAppHw
                0x000220ec       0x8c ./app_hw.o
                0x000220ec                InitAppHw
 .text.appUiBtnRegister
                0x00022178        0xc ./app_ui.o
                0x00022178                appUiBtnRegister
 .text.appUiLedOff
                0x00022184       0x10 ./app_ui.o
                0x00022184                appUiLedOff
 .text.appUiInit
                0x00022194       0x4c ./app_ui.o
                0x00022194                appUiInit
 .text.appUiTick
                0x000221e0      0x16c ./app_ui.o
                0x000221e0                appUiTick
 .text.appUiWriteString
                0x0002234c        0x4 ./app_ui.o
                0x0002234c                appUiWriteString
 .text.bcnSetupAdvBeaconing
                0x00022350       0x80 ./beacon.o
                0x00022350                bcnSetupAdvBeaconing
 .text.InitBoard
                0x000223d0       0x18 ./board.o
                0x000223d0                InitBoard
 .text.graphPrintCenter.constprop.0
                0x000223e8       0x94 ./graphics.o
 .text.graphInit
                0x0002247c       0x44 ./graphics.o
                0x0002247c                graphInit
 .text.graphWriteString
                0x000224c0       0x30 ./graphics.o
                0x000224c0                graphWriteString
 .text.startup.main
                0x000224f0       0x58 ./main.o
                0x000224f0                main
 .text.InitMcu  0x00022548      0x160 ./mcu.o
                0x00022548                InitMcu
 .text.configEnablePti
                0x000226a8       0x34 ./pti.o
                0x000226a8                configEnablePti
 .text.BSP_LedClear
                0x000226dc       0x34 ./hardware/kit/common/bsp/bsp_stk_leds.o
                0x000226dc                BSP_LedClear
 .text.BSP_LedSet
                0x00022710       0x34 ./hardware/kit/common/bsp/bsp_stk_leds.o
                0x00022710                BSP_LedSet
 .text.DISPLAY_Init
                0x00022744       0x34 ./hardware/kit/common/drivers/display.o
                0x00022744                DISPLAY_Init
 .text.DISPLAY_DeviceGet
                0x00022778       0x50 ./hardware/kit/common/drivers/display.o
                0x00022778                DISPLAY_DeviceGet
 .text.DISPLAY_DeviceRegister
                0x000227c8       0x5c ./hardware/kit/common/drivers/display.o
                0x000227c8                DISPLAY_DeviceRegister
 .text.PixelMatrixAllocate
                0x00022824       0x3c ./hardware/kit/common/drivers/displayls013b7dh03.o
 .text.PixelMatrixFree
                0x00022860        0x8 ./hardware/kit/common/drivers/displayls013b7dh03.o
 .text.DriverRefresh
                0x00022868       0x10 ./hardware/kit/common/drivers/displayls013b7dh03.o
 .text.PixelMatrixClear
                0x00022878       0x20 ./hardware/kit/common/drivers/displayls013b7dh03.o
 .text.PixelMatrixDraw
                0x00022898       0x8c ./hardware/kit/common/drivers/displayls013b7dh03.o
 .text.DisplayPolarityInverse
                0x00022924       0x10 ./hardware/kit/common/drivers/displayls013b7dh03.o
 .text.DisplayEnable
                0x00022934       0x1c ./hardware/kit/common/drivers/displayls013b7dh03.o
 .text.DISPLAY_Ls013b7dh03Init
                0x00022950       0xf4 ./hardware/kit/common/drivers/displayls013b7dh03.o
                0x00022950                DISPLAY_Ls013b7dh03Init
 .text.PAL_SpiInit
                0x00022a44       0x50 ./hardware/kit/common/drivers/displaypalemlib.o
                0x00022a44                PAL_SpiInit
 .text.PAL_SpiTransmit
                0x00022a94       0x40 ./hardware/kit/common/drivers/displaypalemlib.o
                0x00022a94                PAL_SpiTransmit
 .text.PAL_TimerInit
                0x00022ad4        0xc ./hardware/kit/common/drivers/displaypalemlib.o
                0x00022ad4                PAL_TimerInit
 .text.PAL_TimerMicroSecondsDelay
                0x00022ae0        0xc ./hardware/kit/common/drivers/displaypalemlib.o
                0x00022ae0                PAL_TimerMicroSecondsDelay
 .text.PAL_TimerRepeat
                0x00022aec       0x18 ./hardware/kit/common/drivers/displaypalemlib.o
                0x00022aec                PAL_TimerRepeat
 .text.PAL_GpioInit
                0x00022b04       0x14 ./hardware/kit/common/drivers/displaypalemlib.o
                0x00022b04                PAL_GpioInit
 .text.PAL_GpioPinModeSet
                0x00022b18       0x18 ./hardware/kit/common/drivers/displaypalemlib.o
                0x00022b18                PAL_GpioPinModeSet
 .text.PAL_GpioPinOutSet
                0x00022b30       0x18 ./hardware/kit/common/drivers/displaypalemlib.o
                0x00022b30                PAL_GpioPinOutSet
 .text.PAL_GpioPinOutClear
                0x00022b48       0x18 ./hardware/kit/common/drivers/displaypalemlib.o
                0x00022b48                PAL_GpioPinOutClear
 .text.PAL_GpioPinOutToggle
                0x00022b60       0x18 ./hardware/kit/common/drivers/displaypalemlib.o
                0x00022b60                PAL_GpioPinOutToggle
 .text.DetectH3lis331dl.part.0
                0x00022b78       0x50 ./hardware/kit/common/drivers/h3lis331dl.o
 .text.SetH3lis331dlCommMode
                0x00022bc8       0x1c ./hardware/kit/common/drivers/h3lis331dl.o
                0x00022bc8                SetH3lis331dlCommMode
 .text.SetH3lis331dlI2cPortAddr
                0x00022be4       0x34 ./hardware/kit/common/drivers/h3lis331dl.o
                0x00022be4                SetH3lis331dlI2cPortAddr
 .text.DetectH3lis331dl
                0x00022c18       0x1c ./hardware/kit/common/drivers/h3lis331dl.o
                0x00022c18                DetectH3lis331dl
 .text.InitH3lis331dl
                0x00022c34       0x30 ./hardware/kit/common/drivers/h3lis331dl.o
                0x00022c34                InitH3lis331dl
 .text.I2CSPM_Transfer
                0x00022c64       0x24 ./hardware/kit/common/drivers/i2cspm.o
                0x00022c64                I2CSPM_Transfer
 .text.DetectLsm6dsl.part.1
                0x00022c88       0x48 ./hardware/kit/common/drivers/lsm6dsl.o
 .text.SetI2CLsm6dsl
                0x00022cd0       0x90 ./hardware/kit/common/drivers/lsm6dsl.o
                0x00022cd0                SetI2CLsm6dsl
 .text.InitLsm6dsl
                0x00022d60       0x30 ./hardware/kit/common/drivers/lsm6dsl.o
                0x00022d60                InitLsm6dsl
 .text.DetectLsm6dsl
                0x00022d90       0x1c ./hardware/kit/common/drivers/lsm6dsl.o
                0x00022d90                DetectLsm6dsl
 .text.Set23lc1024
                0x00022dac       0xa4 ./hardware/kit/common/drivers/s23lc1024.o
                0x00022dac                Set23lc1024
 .text.Init23lc1024
                0x00022e50        0x4 ./hardware/kit/common/drivers/s23lc1024.o
                0x00022e50                Init23lc1024
 .text.Detect23lc1024
                0x00022e54        0x4 ./hardware/kit/common/drivers/s23lc1024.o
                0x00022e54                Detect23lc1024
 .text.Si7013_Detect
                0x00022e58       0x58 ./hardware/kit/common/drivers/si7013.o
                0x00022e58                Si7013_Detect
 .text.UDELAY_Calibrate
                0x00022eb0      0x1c0 ./hardware/kit/common/drivers/udelay.o
                0x00022eb0                UDELAY_Calibrate
 .text.UDELAY_Delay
                0x00023070       0x28 ./hardware/kit/common/drivers/udelay.o
                0x00023070                UDELAY_Delay
 .text.Default_Handler
                0x00023098        0x4 ./platform/Device/SiliconLabs/EFR32BG1P/Source/GCC/startup_efr32bg1p.o
                0x00023098                DebugMon_Handler
                0x00023098                USART0_TX_IRQHandler
                0x00023098                I2C0_IRQHandler
                0x00023098                HardFault_Handler
                0x00023098                SysTick_Handler
                0x00023098                USART1_RX_IRQHandler
                0x00023098                PendSV_Handler
                0x00023098                NMI_Handler
                0x00023098                SYNTH_IRQHandler
                0x00023098                WDOG0_IRQHandler
                0x00023098                USART1_TX_IRQHandler
                0x00023098                MSC_IRQHandler
                0x00023098                ADC0_IRQHandler
                0x00023098                UsageFault_Handler
                0x00023098                LEUART0_IRQHandler
                0x00023098                FPUEH_IRQHandler
                0x00023098                RFSENSE_IRQHandler
                0x00023098                BUFC_IRQHandler
                0x00023098                MODEM_IRQHandler
                0x00023098                Default_Handler
                0x00023098                RAC_SEQ_IRQHandler
                0x00023098                FRC_PRI_IRQHandler
                0x00023098                FRC_IRQHandler
                0x00023098                CRYOTIMER_IRQHandler
                0x00023098                PCNT0_IRQHandler
                0x00023098                AGC_IRQHandler
                0x00023098                ACMP0_IRQHandler
                0x00023098                USART0_RX_IRQHandler
                0x00023098                MemManage_Handler
                0x00023098                SVC_Handler
                0x00023098                RTCC_IRQHandler
                0x00023098                CRYPTO_IRQHandler
                0x00023098                CMU_IRQHandler
                0x00023098                RAC_RSM_IRQHandler
                0x00023098                PROTIMER_IRQHandler
                0x00023098                BusFault_Handler
                0x00023098                IDAC0_IRQHandler
 .text.Reset_Handler
                0x0002309c       0x34 ./platform/Device/SiliconLabs/EFR32BG1P/Source/GCC/startup_efr32bg1p.o
                0x0002309c                Reset_Handler
 .text.LDMA_IRQHandler
                0x000230d0       0x7c ./platform/emdrv/dmadrv/src/dmadrv.o
                0x000230d0                LDMA_IRQHandler
 .text.GPIOINT_IRQDispatcher
                0x0002314c       0x2c ./platform/emdrv/gpiointerrupt/src/gpiointerrupt.o
 .text.GPIOINT_CallbackRegister
                0x00023178       0x1c ./platform/emdrv/gpiointerrupt/src/gpiointerrupt.o
                0x00023178                GPIOINT_CallbackRegister
 .text.GPIO_EVEN_IRQHandler
                0x00023194       0x20 ./platform/emdrv/gpiointerrupt/src/gpiointerrupt.o
                0x00023194                GPIO_EVEN_IRQHandler
 .text.GPIO_ODD_IRQHandler
                0x000231b4       0x20 ./platform/emdrv/gpiointerrupt/src/gpiointerrupt.o
                0x000231b4                GPIO_ODD_IRQHandler
 .text.LETIMER0_IRQHandler
                0x000231d4       0x40 ./platform/emdrv/letimer/src/letimer.o
                0x000231d4                LETIMER0_IRQHandler
 .text.InitLeTimer
                0x00023214       0x5c ./platform/emdrv/letimer/src/letimer.o
                0x00023214                InitLeTimer
 .text.StartLeTimer
                0x00023270       0x30 ./platform/emdrv/letimer/src/letimer.o
                0x00023270                StartLeTimer
 .text.GetLeCounter
                0x000232a0        0xc ./platform/emdrv/letimer/src/letimer.o
                0x000232a0                GetLeCounter
 .text.TIMER0_IRQHandler
                0x000232ac       0x38 ./platform/emdrv/mstimer/src/mstimer.o
                0x000232ac                TIMER0_IRQHandler
 .text.TIMER1_IRQHandler
                0x000232e4       0x1c ./platform/emdrv/ustimer/src/ustimer.o
                0x000232e4                TIMER1_IRQHandler
 .text.flashWaitStateControl.isra.0
                0x00023300       0x48 ./platform/emlib/src/em_cmu.o
 .text.CMU_OscillatorTuningSet.part.3
                0x00023348       0x3c ./platform/emlib/src/em_cmu.o
 .text.CMU_ClockEnable
                0x00023384       0x8c ./platform/emlib/src/em_cmu.o
                0x00023384                CMU_ClockEnable
 .text.CMU_ClockPrescGet
                0x00023410       0x94 ./platform/emlib/src/em_cmu.o
                0x00023410                CMU_ClockPrescGet
 .text.CMU_ClockDivGet
                0x000234a4        0xc ./platform/emlib/src/em_cmu.o
                0x000234a4                CMU_ClockDivGet
 .text.CMU_ClockSelectGet
                0x000234b0       0xcc ./platform/emlib/src/em_cmu.o
                0x000234b0                CMU_ClockSelectGet
 .text.lfClkGet
                0x0002357c       0x94 ./platform/emlib/src/em_cmu.o
 .text.CMU_ClockFreqGet
                0x00023610      0x160 ./platform/emlib/src/em_cmu.o
                0x00023610                CMU_ClockFreqGet
 .text.CMU_ClockPrescSet
                0x00023770      0x1ec ./platform/emlib/src/em_cmu.o
                0x00023770                CMU_ClockPrescSet
 .text.CMU_ClockDivSet
                0x0002395c        0x8 ./platform/emlib/src/em_cmu.o
                0x0002395c                CMU_ClockDivSet
 .text.CMU_HFXOAutostartEnable
                0x00023964       0x74 ./platform/emlib/src/em_cmu.o
                0x00023964                CMU_HFXOAutostartEnable
 .text.CMU_OscillatorTuningWait
                0x000239d8       0x5c ./platform/emlib/src/em_cmu.o
                0x000239d8                CMU_OscillatorTuningWait
 .text.CMU_OscillatorEnable
                0x00023a34      0x110 ./platform/emlib/src/em_cmu.o
                0x00023a34                CMU_OscillatorEnable
 .text.CMU_ClockSelectSet
                0x00023b44      0x200 ./platform/emlib/src/em_cmu.o
                0x00023b44                CMU_ClockSelectSet
 .text.CMU_HFXOInit
                0x00023d44       0x88 ./platform/emlib/src/em_cmu.o
                0x00023d44                CMU_HFXOInit
 .text.CMU_LFXOInit
                0x00023dcc       0x40 ./platform/emlib/src/em_cmu.o
                0x00023dcc                CMU_LFXOInit
 .text.GPIO_PinModeSet
                0x00023e0c       0x84 ./platform/emlib/src/em_gpio.o
                0x00023e0c                GPIO_PinModeSet
 .text.I2C_BusFreqSet.part.0
                0x00023e90       0x60 ./platform/emlib/src/em_i2c.o
 .text.I2C_Init
                0x00023ef0       0x3c ./platform/emlib/src/em_i2c.o
                0x00023ef0                I2C_Init
 .text.I2C_Transfer
                0x00023f2c      0x284 ./platform/emlib/src/em_i2c.o
                0x00023f2c                I2C_Transfer
 .text.I2C_TransferInit
                0x000241b0       0x70 ./platform/emlib/src/em_i2c.o
                0x000241b0                I2C_TransferInit
 .text.LETIMER_CompareSet
                0x00024220       0x14 ./platform/emlib/src/em_letimer.o
                0x00024220                LETIMER_CompareSet
 .text.LETIMER_Init
                0x00024234       0x60 ./platform/emlib/src/em_letimer.o
                0x00024234                LETIMER_Init
 .text.RTCC_Enable
                0x00024294        0xc ./platform/emlib/src/em_rtcc.o
                0x00024294                RTCC_Enable
 .text.RTCC_Init
                0x000242a0       0x48 ./platform/emlib/src/em_rtcc.o
                0x000242a0                RTCC_Init
 .text.SYSTEM_ChipRevisionGet
                0x000242e8       0x34 ./platform/emlib/src/em_system.o
                0x000242e8                SYSTEM_ChipRevisionGet
 .text.USART_BaudrateSyncSet
                0x0002431c       0x24 ./platform/emlib/src/em_usart.o
                0x0002431c                USART_BaudrateSyncSet
 .text.USART_InitSync
                0x00024340       0xcc ./platform/emlib/src/em_usart.o
                0x00024340                USART_InitSync
 .text.USART_Tx
                0x0002440c        0xc ./platform/emlib/src/em_usart.o
                0x0002440c                USART_Tx
 .text.USART_TxDouble
                0x00024418        0xc ./platform/emlib/src/em_usart.o
                0x00024418                USART_TxDouble
 .text.DMD_writeColor.part.0
                0x00024424      0x18c ./platform/middleware/glib/dmd/display/dmd_display.o
 .text.DMD_getDisplayGeometry
                0x000245b0       0x1c ./platform/middleware/glib/dmd/display/dmd_display.o
                0x000245b0                DMD_getDisplayGeometry
 .text.DMD_setClippingArea
                0x000245cc       0x44 ./platform/middleware/glib/dmd/display/dmd_display.o
                0x000245cc                DMD_setClippingArea
 .text.DMD_writeColor
                0x00024610       0x20 ./platform/middleware/glib/dmd/display/dmd_display.o
                0x00024610                DMD_writeColor
 .text.DMD_allocateFramebuffer
                0x00024630       0x38 ./platform/middleware/glib/dmd/display/dmd_display.o
                0x00024630                DMD_allocateFramebuffer
 .text.DMD_init
                0x00024668       0x78 ./platform/middleware/glib/dmd/display/dmd_display.o
                0x00024668                DMD_init
 .text.DMD_updateDisplay
                0x000246e0       0xc8 ./platform/middleware/glib/dmd/display/dmd_display.o
                0x000246e0                DMD_updateDisplay
 .text.GLIB_applyClippingRegion.part.1
                0x000247a8       0x1c ./platform/middleware/glib/glib/glib.o
 .text.GLIB_setClippingRegion.part.2
                0x000247c4       0x48 ./platform/middleware/glib/glib/glib.o
 .text.GLIB_contextInit
                0x0002480c       0x58 ./platform/middleware/glib/glib/glib.o
                0x0002480c                GLIB_contextInit
 .text.GLIB_clear
                0x00024864       0x48 ./platform/middleware/glib/glib/glib.o
                0x00024864                GLIB_clear
 .text.GLIB_drawPixel
                0x000248ac       0x40 ./platform/middleware/glib/glib/glib.o
                0x000248ac                GLIB_drawPixel
 .text.GLIB_drawPixelColor
                0x000248ec       0x3c ./platform/middleware/glib/glib/glib.o
                0x000248ec                GLIB_drawPixelColor
 .text.GLIB_rectContainsPoint
                0x00024928       0x24 ./platform/middleware/glib/glib/glib_rectangle.o
                0x00024928                GLIB_rectContainsPoint
 .text.GLIB_drawChar.part.0
                0x0002494c      0x164 ./platform/middleware/glib/glib/glib_string.o
 .text.GLIB_drawString
                0x00024ab0       0x90 ./platform/middleware/glib/glib/glib_string.o
                0x00024ab0                GLIB_drawString
 .text.GLIB_setFont
                0x00024b40       0x30 ./platform/middleware/glib/glib/glib_string.o
                0x00024b40                GLIB_setFont
 .text          0x00024b70       0x18 G:\My Drive\R&D\Firmware Design\KHS\KHS\protocol\bluetooth_2.6\lib\EFR32BG1P\GCC\bgapi.a(gecko_bgapi_hardware.c.obj)
                0x00024b70                gecko_bgapi_class_hardware_init
 .text          0x00024b88       0x18 G:\My Drive\R&D\Firmware Design\KHS\KHS\protocol\bluetooth_2.6\lib\EFR32BG1P\GCC\bgapi.a(gecko_bgapi_test.c.obj)
                0x00024b88                gecko_bgapi_class_test_init
 .text          0x00024ba0       0x18 G:\My Drive\R&D\Firmware Design\KHS\KHS\protocol\bluetooth_2.6\lib\EFR32BG1P\GCC\bgapi.a(gecko_bgapi_dfu.c.obj)
                0x00024ba0                gecko_bgapi_class_dfu_init
 .text          0x00024bb8       0x18 G:\My Drive\R&D\Firmware Design\KHS\KHS\protocol\bluetooth_2.6\lib\EFR32BG1P\GCC\bgapi.a(gecko_bgapi_gap.c.obj)
                0x00024bb8                gecko_bgapi_class_le_gap_init
 .text          0x00024bd0       0x18 G:\My Drive\R&D\Firmware Design\KHS\KHS\protocol\bluetooth_2.6\lib\EFR32BG1P\GCC\bgapi.a(gecko_bgapi_gatt.c.obj)
                0x00024bd0                gecko_bgapi_class_gatt_init
 .text          0x00024be8       0x18 G:\My Drive\R&D\Firmware Design\KHS\KHS\protocol\bluetooth_2.6\lib\EFR32BG1P\GCC\bgapi.a(gecko_bgapi_gatt_server.c.obj)
                0x00024be8                gecko_bgapi_class_gatt_server_init
 .text          0x00024c00       0x18 G:\My Drive\R&D\Firmware Design\KHS\KHS\protocol\bluetooth_2.6\lib\EFR32BG1P\GCC\bgapi.a(gecko_bgapi_flash.c.obj)
                0x00024c00                gecko_bgapi_class_flash_init
 .text          0x00024c18       0x18 G:\My Drive\R&D\Firmware Design\KHS\KHS\protocol\bluetooth_2.6\lib\EFR32BG1P\GCC\bgapi.a(gecko_bgapi_sm.c.obj)
                0x00024c18                gecko_bgapi_class_sm_init
 .text          0x00024c30       0x18 G:\My Drive\R&D\Firmware Design\KHS\KHS\protocol\bluetooth_2.6\lib\EFR32BG1P\GCC\bgapi.a(gecko_bgapi_system.c.obj)
                0x00024c30                gecko_bgapi_class_system_init
 .text          0x00024c48       0x18 G:\My Drive\R&D\Firmware Design\KHS\KHS\protocol\bluetooth_2.6\lib\EFR32BG1P\GCC\bgapi.a(gecko_bgapi_endpoint.c.obj)
                0x00024c48                gecko_bgapi_class_endpoint_init
 .text          0x00024c60       0x18 G:\My Drive\R&D\Firmware Design\KHS\KHS\protocol\bluetooth_2.6\lib\EFR32BG1P\GCC\bgapi.a(gecko_bgapi_le_connection.c.obj)
                0x00024c60                gecko_bgapi_class_le_connection_init
 .text          0x00024c78      0x1c8 G:\My Drive\R&D\Firmware Design\KHS\KHS\protocol\bluetooth_2.6\lib\EFR32BG1P\GCC\bgapi.a(bgapi_hardware.c.obj)
                0x00024ce8                bgapi_hardware_soft_timer_listener
                0x00024d44                lib_hardware_handler_init
                0x00024d58                gecko_cmd_hardware_set_soft_timer
                0x00024d98                gecko_cmd_hardware_set_lazy_soft_timer
                0x00024dd8                gecko_cmd_hardware_get_time
                0x00024e0c                gecko_cmd_hardware_enable_dcdc
 .text          0x00024e40      0x408 G:\My Drive\R&D\Firmware Design\KHS\KHS\protocol\bluetooth_2.6\lib\EFR32BG1P\GCC\bgapi.a(bgapi_test_lib.c.obj)
                0x00024e40                bgapi_test_lib_msg_handler
                0x00024e9c                lib_test_handler_init
                0x00024ebc                disable_interrupts
                0x00024ee0                gecko_cmd_test_dtm_tx
                0x00025004                gecko_cmd_test_dtm_rx
                0x00025058                gecko_cmd_test_dtm_end
                0x000250f0                gecko_cmd_test_debug_command
                0x000251cc                gecko_cmd_test_debug_counter
 .text          0x00025248       0x8c G:\My Drive\R&D\Firmware Design\KHS\KHS\protocol\bluetooth_2.6\lib\EFR32BG1P\GCC\bgapi.a(bgapi_dfu.c.obj)
                0x00025248                lib_dfu_handler_init
                0x0002524a                gecko_cmd_dfu_reset
                0x00025250                gecko_cmd_dfu_flash_set_address
                0x0002527c                gecko_cmd_dfu_flash_upload
                0x000252a8                gecko_cmd_dfu_flash_upload_finish
 .text          0x000252d4      0x364 G:\My Drive\R&D\Firmware Design\KHS\KHS\protocol\bluetooth_2.6\lib\EFR32BG1P\GCC\bgapi.a(bgapi_gap.c.obj)
                0x00025308                lib_le_gap_handler_init
                0x0002530a                gecko_cmd_le_gap_set_mode
                0x00025350                gecko_cmd_le_gap_bt5_set_mode
                0x00025394                gecko_cmd_le_gap_set_adv_data
                0x000253cc                gecko_cmd_le_gap_bt5_set_adv_data
                0x00025400                gecko_cmd_le_gap_set_adv_timeout
                0x00025454                gecko_cmd_le_gap_open
                0x000254a8                gecko_cmd_le_gap_discover
                0x000254d4                gecko_cmd_le_gap_end_procedure
                0x00025500                gecko_cmd_le_gap_set_adv_parameters
                0x00025534                gecko_cmd_le_gap_bt5_set_adv_parameters
                0x00025570                gecko_cmd_le_gap_set_scan_parameters
                0x000255a4                gecko_cmd_le_gap_set_conn_parameters
                0x000255dc                gecko_cmd_le_gap_set_phy
                0x00025608                gecko_cmd_le_gap_set_privacy_mode
 .text          0x00025638      0x68c G:\My Drive\R&D\Firmware Design\KHS\KHS\protocol\bluetooth_2.6\lib\EFR32BG1P\GCC\bgapi.a(bgapi_gatt_lib.c.obj)
                0x00025638                lib_gatt_handler_init
                0x0002563c                lib_gatt_server_handler_init
                0x0002563e                gecko_cmd_gatt_set_max_mtu
                0x00025678                gecko_cmd_gatt_discover_primary_services
                0x000256a4                gecko_cmd_gatt_discover_primary_services_by_uuid
                0x000256dc                gecko_cmd_gatt_find_included_services
                0x00025710                gecko_cmd_gatt_discover_characteristics
                0x00025744                gecko_cmd_gatt_discover_characteristics_by_uuid
                0x00025780                gecko_cmd_gatt_read_characteristic_value
                0x000257b8                gecko_cmd_gatt_read_characteristic_value_from_offset
                0x000257f4                gecko_cmd_gatt_read_characteristic_value_by_uuid
                0x00025830                gecko_cmd_gatt_read_multiple_characteristic_values
                0x00025864                gecko_cmd_gatt_write_characteristic_value
                0x0002589c                gecko_cmd_gatt_write_characteristic_value_without_response
                0x000258dc                gecko_cmd_gatt_prepare_characteristic_value_write
                0x00025928                gecko_cmd_gatt_execute_characteristic_value_write
                0x00025958                gecko_cmd_gatt_set_characteristic_notification
                0x0002598c                gecko_cmd_gatt_discover_descriptors
                0x000259c0                gecko_cmd_gatt_read_descriptor_value
                0x000259f4                gecko_cmd_gatt_write_descriptor_value
                0x00025a2c                gecko_cmd_gatt_server_read_attribute_value
                0x00025a78                gecko_cmd_gatt_server_read_attribute_type
                0x00025abc                gecko_cmd_gatt_server_find_attribute
                0x00025af8                gecko_cmd_gatt_server_write_attribute_value
                0x00025b2c                gecko_cmd_gatt_server_send_user_read_response
                0x00025b70                gecko_cmd_gatt_server_send_user_write_response
                0x00025ba4                gecko_cmd_gatt_server_send_characteristic_notification
                0x00025be8                gecko_cmd_gatt_send_characteristic_confirmation
                0x00025c14                gecko_cmd_gatt_server_set_database
                0x00025c44                gecko_cmd_gatt_server_set_capabilities
                0x00025c78                gecko_cmd_gatt_prepare_characteristic_value_reliable_write
 .text          0x00025cc4      0x1d0 G:\My Drive\R&D\Firmware Design\KHS\KHS\protocol\bluetooth_2.6\lib\EFR32BG1P\GCC\bgapi.a(bgapi_ps.c.obj)
                0x00025cc4                bgapi_ps_dump_listener
                0x00025d04                lib_flash_handler_init
                0x00025d18                gecko_cmd_flash_ps_dump
                0x00025da8                gecko_cmd_flash_ps_erase_all
                0x00025dd8                gecko_cmd_flash_ps_save
                0x00025e18                gecko_cmd_flash_ps_load
                0x00025e60                gecko_cmd_flash_ps_erase
 .text          0x00025e94      0x3c4 G:\My Drive\R&D\Firmware Design\KHS\KHS\protocol\bluetooth_2.6\lib\EFR32BG1P\GCC\bgapi.a(bgapi_sm.c.obj)
                0x00025f58                lib_sm_handler_init
                0x00025f6c                gecko_cmd_sm_list_all_bondings
                0x00025fa4                gecko_cmd_sm_increase_security
                0x00025fd0                gecko_cmd_sm_set_bondable_mode
                0x00025ffc                gecko_cmd_sm_delete_bonding
                0x0002602c                gecko_cmd_sm_delete_bondings
                0x0002605c                gecko_cmd_sm_configure
                0x00026090                gecko_cmd_sm_enter_passkey
                0x000260c4                gecko_cmd_sm_set_passkey
                0x000260f0                gecko_cmd_sm_passkey_confirm
                0x00026120                gecko_cmd_sm_set_oob_data
                0x00026150                gecko_cmd_sm_set_sc_remote_oob_data
                0x00026180                gecko_cmd_sm_use_sc_oob
                0x000261c4                gecko_cmd_sm_store_bonding_configuration
                0x000261f8                gecko_cmd_sm_bonding_confirm
                0x00026228                gecko_cmd_sm_set_debug_mode
 .text          0x00026258      0x208 G:\My Drive\R&D\Firmware Design\KHS\KHS\protocol\bluetooth_2.6\lib\EFR32BG1P\GCC\bgapi.a(bgapi_system.c.obj)
                0x00026258                bgapi_system_listener
                0x00026288                lib_system_handler_init
                0x0002629c                gecko_cmd_system_get_bt_address
                0x000262d0                gecko_cmd_system_set_bt_address
                0x00026304                gecko_cmd_system_set_device_name
                0x00026340                gecko_cmd_system_get_random_data
                0x00026388                gecko_cmd_system_halt
                0x000263bc                gecko_cmd_system_set_tx_power
                0x000263ec                gecko_cmd_system_hello
                0x00026414                gecko_cmd_system_reset
                0x0002641a                gecko_send_system_awake
                0x0002642c                gecko_cmd_system_linklayer_configure
 .text          0x00026460       0x40 G:\My Drive\R&D\Firmware Design\KHS\KHS\protocol\bluetooth_2.6\lib\EFR32BG1P\GCC\bgapi.a(bgapi_endpoint.c.obj)
                0x00026460                lib_endpoint_handler_init
                0x00026462                gecko_cmd_endpoint_close
 .text          0x000264a0      0x13c G:\My Drive\R&D\Firmware Design\KHS\KHS\protocol\bluetooth_2.6\lib\EFR32BG1P\GCC\bgapi.a(bgapi_le_connection.c.obj)
                0x000264a0                lib_le_connection_handler_init
                0x000264a2                gecko_cmd_le_connection_set_parameters
                0x000264ec                gecko_cmd_le_connection_get_rssi
                0x00026518                gecko_cmd_le_connection_disable_slave_latency
                0x0002655c                gecko_cmd_le_connection_set_phy
                0x00026598                bgapi_close_le_connection
                0x000265ae                gecko_cmd_le_connection_close
 .text          0x000265dc      0xdf4 G:\My Drive\R&D\Firmware Design\KHS\KHS\protocol\bluetooth_2.6\lib\EFR32BG1P\GCC\bgapi.a(gatt_client.c.obj)
                0x0002683c                gatt_discover_primary_services
                0x00026878                gatt_discover_primary_services_by_uuid
                0x000268ce                gatt_find_included_services
                0x00026920                gatt_find_included_services_handler
                0x000269d8                gatt_discover_characteristics
                0x000269fc                gatt_discover_characteristics_by_uuid
                0x00026a3a                gatt_discover_descriptors
                0x00026a76                gatt_read_characteristic_value
                0x00026ab4                gatt_read_characteristic_value_by_uuid
                0x00026aec                gatt_read_multiple_characteristic_values
                0x00026b14                gatt_write_characteristic_value
                0x00026b40                gatt_write_characteristic_value_without_response
                0x00026b66                gatt_prepare_characteristic_value_write
                0x00026bda                gatt_execute_characteristic_value_write
                0x00026bfe                gatt_set_characteristic_notification
                0x00026c3e                gatt_read_descriptor_value
                0x00026c68                gatt_write_descriptor_value
                0x00026c94                gatt_handle_exchange_mtu_rsp
                0x00026cb0                gatt_handle_find_information_response
                0x00026e02                gatt_handle_find_by_type_value_response
                0x00026eaa                gatt_handle_read_response
                0x0002700c                gatt_handle_read_blob_response
                0x00027048                gatt_handle_read_multiple_response
                0x00027084                gatt_handle_read_by_type_response
                0x000271cc                gatt_handle_read_by_group_type_response
                0x00027272                gatt_handle_write_response
                0x00027286                gatt_handle_prepare_write_response
                0x00027346                gatt_handle_execute_write_response
                0x00027382                gatt_client_handle_value_notification
                0x00027394                gatt_client_handle_value_indication
                0x000273a8                gatt_send_characteristic_confirmation
                0x000273c6                gatt_client_init
 .text          0x000273d0      0x250 G:\My Drive\R&D\Firmware Design\KHS\KHS\protocol\bluetooth_2.6\lib\EFR32BG1P\GCC\bgapi.a(ubt_gatt_client.c.obj)
                0x000273d0                ubt_gatt_discover_primary_services
                0x000273e6                ubt_gatt_discover_primary_services_by_uuid
                0x00027412                ubt_gatt_find_included_services
                0x0002742c                ubt_gatt_discover_characteristics
                0x00027446                ubt_gatt_discover_characteristics_by_uuid
                0x00027476                ubt_gatt_discover_descriptors
                0x00027490                ubt_gatt_read_characteristic_value
                0x000274b2                ubt_gatt_read_characteristic_value_by_uuid
                0x000274e2                ubt_gatt_read_multiple_characteristic_values
                0x00027500                ubt_gatt_write_characteristic_value
                0x00027522                ubt_gatt_write_characteristic_value_without_response
                0x0002755c                ubt_gatt_prepare_characteristic_value_write
                0x00027596                ubt_gatt_execute_characteristic_value_write
                0x000275b0                ubt_gatt_send_characteristic_confirmation
                0x000275c6                ubt_gatt_read_descriptor_value
                0x000275e0                ubt_gatt_write_descriptor_value
                0x00027602                ubt_gatt_set_characteristic_notification
 .text          0x00027620      0x4fe G:\My Drive\R&D\Firmware Design\KHS\KHS\protocol\bluetooth_2.6\lib\EFR32BG1P\GCC\bgapi.a(att_client.c.obj)
                0x00027620                att_send_find_information_request
                0x00027646                att_send_find_by_type_value_request
                0x00027678                att_send_read_by_type_request
                0x000276a4                att_send_read_request
                0x000276c4                att_send_read_blob_request
                0x000276ea                att_send_read_multiple_request
                0x00027718                att_send_read_by_group_type_request
                0x00027744                att_send_write_request
                0x00027774                att_send_write_command
                0x000277a4                att_send_signed_write_command
                0x000277de                att_send_prepare_write_request
                0x00027856                att_send_execute_write_request
                0x00027874                att_send_handle_value_confirmation
                0x0002788c                validate_gatt_client_pdu_len
                0x00027938                att_gatt_client_handler
 *fill*         0x00027b1e        0x2 
 .text          0x00027b20       0x30 c:/siliconlabs/simplicitystudio/v4/developer/toolchains/gnu_arm/4.9_2015q3/bin/../lib/gcc/arm-none-eabi/4.9.3/armv7e-m/fpu\libgcc.a(_aeabi_uldivmod.o)
                0x00027b20                __aeabi_uldivmod
 .text          0x00027b50       0x60 c:/siliconlabs/simplicitystudio/v4/developer/toolchains/gnu_arm/4.9_2015q3/bin/../lib/gcc/arm-none-eabi/4.9.3/armv7e-m/fpu\libgcc.a(bpabi.o)
                0x00027b50                __gnu_ldivmod_helper
                0x00027b80                __gnu_uldivmod_helper
 .text          0x00027bb0        0x4 c:/siliconlabs/simplicitystudio/v4/developer/toolchains/gnu_arm/4.9_2015q3/bin/../lib/gcc/arm-none-eabi/4.9.3/armv7e-m/fpu\libgcc.a(_dvmd_tls.o)
                0x00027bb0                __aeabi_idiv0
                0x00027bb0                __aeabi_ldiv0
 .text          0x00027bb4      0x29c c:/siliconlabs/simplicitystudio/v4/developer/toolchains/gnu_arm/4.9_2015q3/bin/../lib/gcc/arm-none-eabi/4.9.3/armv7e-m/fpu\libgcc.a(_divdi3.o)
                0x00027bb4                __divdi3
 .text          0x00027e50      0x26c c:/siliconlabs/simplicitystudio/v4/developer/toolchains/gnu_arm/4.9_2015q3/bin/../lib/gcc/arm-none-eabi/4.9.3/armv7e-m/fpu\libgcc.a(_udivdi3.o)
                0x00027e50                __udivdi3
 .text.exit     0x000280bc       0x20 c:/siliconlabs/simplicitystudio/v4/developer/toolchains/gnu_arm/4.9_2015q3/bin/../lib/gcc/arm-none-eabi/4.9.3/../../../../arm-none-eabi/lib/armv7e-m/fpu\libc.a(lib_a-exit.o)
                0x000280bc                exit
 .text.__libc_init_array
                0x000280dc       0x50 c:/siliconlabs/simplicitystudio/v4/developer/toolchains/gnu_arm/4.9_2015q3/bin/../lib/gcc/arm-none-eabi/4.9.3/../../../../arm-none-eabi/lib/armv7e-m/fpu\libc.a(lib_a-init.o)
                0x000280dc                __libc_init_array
 .text          0x0002812c      0x134 c:/siliconlabs/simplicitystudio/v4/developer/toolchains/gnu_arm/4.9_2015q3/bin/../lib/gcc/arm-none-eabi/4.9.3/../../../../arm-none-eabi/lib/armv7e-m/fpu\libc.a(lib_a-memcpy.o)
                0x0002812c                memcpy
 .text.memset   0x00028260       0x9c c:/siliconlabs/simplicitystudio/v4/developer/toolchains/gnu_arm/4.9_2015q3/bin/../lib/gcc/arm-none-eabi/4.9.3/../../../../arm-none-eabi/lib/armv7e-m/fpu\libc.a(lib_a-memset.o)
                0x00028260                memset
 .text.snprintf
                0x000282fc       0x9c c:/siliconlabs/simplicitystudio/v4/developer/toolchains/gnu_arm/4.9_2015q3/bin/../lib/gcc/arm-none-eabi/4.9.3/../../../../arm-none-eabi/lib/armv7e-m/fpu\libc.a(lib_a-snprintf.o)
                0x000282fc                snprintf
 .text._svfprintf_r
                0x00028398     0x14cc c:/siliconlabs/simplicitystudio/v4/developer/toolchains/gnu_arm/4.9_2015q3/bin/../lib/gcc/arm-none-eabi/4.9.3/../../../../arm-none-eabi/lib/armv7e-m/fpu\libc.a(lib_a-svfprintf.o)
                0x00028398                _svfprintf_r
 .text.startup.register_fini
                0x00029864       0x14 c:/siliconlabs/simplicitystudio/v4/developer/toolchains/gnu_arm/4.9_2015q3/bin/../lib/gcc/arm-none-eabi/4.9.3/../../../../arm-none-eabi/lib/armv7e-m/fpu\libc.a(lib_a-__call_atexit.o)
 .text.__call_exitprocs
                0x00029878       0xd4 c:/siliconlabs/simplicitystudio/v4/developer/toolchains/gnu_arm/4.9_2015q3/bin/../lib/gcc/arm-none-eabi/4.9.3/../../../../arm-none-eabi/lib/armv7e-m/fpu\libc.a(lib_a-__call_atexit.o)
                0x00029878                __call_exitprocs
 .text.atexit   0x0002994c        0xc c:/siliconlabs/simplicitystudio/v4/developer/toolchains/gnu_arm/4.9_2015q3/bin/../lib/gcc/arm-none-eabi/4.9.3/../../../../arm-none-eabi/lib/armv7e-m/fpu\libc.a(lib_a-atexit.o)
                0x0002994c                atexit
 .text.quorem   0x00029958      0x12c c:/siliconlabs/simplicitystudio/v4/developer/toolchains/gnu_arm/4.9_2015q3/bin/../lib/gcc/arm-none-eabi/4.9.3/../../../../arm-none-eabi/lib/armv7e-m/fpu\libc.a(lib_a-dtoa.o)
 *fill*         0x00029a84        0x4 
 .text._dtoa_r  0x00029a88      0xea4 c:/siliconlabs/simplicitystudio/v4/developer/toolchains/gnu_arm/4.9_2015q3/bin/../lib/gcc/arm-none-eabi/4.9.3/../../../../arm-none-eabi/lib/armv7e-m/fpu\libc.a(lib_a-dtoa.o)
                0x00029a88                _dtoa_r
 .text.__libc_fini_array
                0x0002a92c       0x2c c:/siliconlabs/simplicitystudio/v4/developer/toolchains/gnu_arm/4.9_2015q3/bin/../lib/gcc/arm-none-eabi/4.9.3/../../../../arm-none-eabi/lib/armv7e-m/fpu\libc.a(lib_a-fini.o)
                0x0002a92c                __libc_fini_array
 .text._localeconv_r
                0x0002a958        0x8 c:/siliconlabs/simplicitystudio/v4/developer/toolchains/gnu_arm/4.9_2015q3/bin/../lib/gcc/arm-none-eabi/4.9.3/../../../../arm-none-eabi/lib/armv7e-m/fpu\libc.a(lib_a-locale.o)
                0x0002a958                _localeconv_r
 .text._malloc_r
                0x0002a960      0x524 c:/siliconlabs/simplicitystudio/v4/developer/toolchains/gnu_arm/4.9_2015q3/bin/../lib/gcc/arm-none-eabi/4.9.3/../../../../arm-none-eabi/lib/armv7e-m/fpu\libc.a(lib_a-mallocr.o)
                0x0002a960                _malloc_r
 .text.memchr   0x0002ae84       0x94 c:/siliconlabs/simplicitystudio/v4/developer/toolchains/gnu_arm/4.9_2015q3/bin/../lib/gcc/arm-none-eabi/4.9.3/../../../../arm-none-eabi/lib/armv7e-m/fpu\libc.a(lib_a-memchr.o)
                0x0002ae84                memchr
 .text.__malloc_lock
                0x0002af18        0x4 c:/siliconlabs/simplicitystudio/v4/developer/toolchains/gnu_arm/4.9_2015q3/bin/../lib/gcc/arm-none-eabi/4.9.3/../../../../arm-none-eabi/lib/armv7e-m/fpu\libc.a(lib_a-mlock.o)
                0x0002af18                __malloc_lock
 .text.__malloc_unlock
                0x0002af1c        0x4 c:/siliconlabs/simplicitystudio/v4/developer/toolchains/gnu_arm/4.9_2015q3/bin/../lib/gcc/arm-none-eabi/4.9.3/../../../../arm-none-eabi/lib/armv7e-m/fpu\libc.a(lib_a-mlock.o)
                0x0002af1c                __malloc_unlock
 .text._Balloc  0x0002af20       0x4c c:/siliconlabs/simplicitystudio/v4/developer/toolchains/gnu_arm/4.9_2015q3/bin/../lib/gcc/arm-none-eabi/4.9.3/../../../../arm-none-eabi/lib/armv7e-m/fpu\libc.a(lib_a-mprec.o)
                0x0002af20                _Balloc
 .text._Bfree   0x0002af6c       0x14 c:/siliconlabs/simplicitystudio/v4/developer/toolchains/gnu_arm/4.9_2015q3/bin/../lib/gcc/arm-none-eabi/4.9.3/../../../../arm-none-eabi/lib/armv7e-m/fpu\libc.a(lib_a-mprec.o)
                0x0002af6c                _Bfree
 .text.__multadd
                0x0002af80       0x84 c:/siliconlabs/simplicitystudio/v4/developer/toolchains/gnu_arm/4.9_2015q3/bin/../lib/gcc/arm-none-eabi/4.9.3/../../../../arm-none-eabi/lib/armv7e-m/fpu\libc.a(lib_a-mprec.o)
                0x0002af80                __multadd
 .text.__hi0bits
                0x0002b004       0x40 c:/siliconlabs/simplicitystudio/v4/developer/toolchains/gnu_arm/4.9_2015q3/bin/../lib/gcc/arm-none-eabi/4.9.3/../../../../arm-none-eabi/lib/armv7e-m/fpu\libc.a(lib_a-mprec.o)
                0x0002b004                __hi0bits
 .text.__lo0bits
                0x0002b044       0x5c c:/siliconlabs/simplicitystudio/v4/developer/toolchains/gnu_arm/4.9_2015q3/bin/../lib/gcc/arm-none-eabi/4.9.3/../../../../arm-none-eabi/lib/armv7e-m/fpu\libc.a(lib_a-mprec.o)
                0x0002b044                __lo0bits
 .text.__i2b    0x0002b0a0       0x14 c:/siliconlabs/simplicitystudio/v4/developer/toolchains/gnu_arm/4.9_2015q3/bin/../lib/gcc/arm-none-eabi/4.9.3/../../../../arm-none-eabi/lib/armv7e-m/fpu\libc.a(lib_a-mprec.o)
                0x0002b0a0                __i2b
 .text.__multiply
                0x0002b0b4      0x134 c:/siliconlabs/simplicitystudio/v4/developer/toolchains/gnu_arm/4.9_2015q3/bin/../lib/gcc/arm-none-eabi/4.9.3/../../../../arm-none-eabi/lib/armv7e-m/fpu\libc.a(lib_a-mprec.o)
                0x0002b0b4                __multiply
 .text.__pow5mult
                0x0002b1e8       0xa0 c:/siliconlabs/simplicitystudio/v4/developer/toolchains/gnu_arm/4.9_2015q3/bin/../lib/gcc/arm-none-eabi/4.9.3/../../../../arm-none-eabi/lib/armv7e-m/fpu\libc.a(lib_a-mprec.o)
                0x0002b1e8                __pow5mult
 .text.__lshift
                0x0002b288       0xac c:/siliconlabs/simplicitystudio/v4/developer/toolchains/gnu_arm/4.9_2015q3/bin/../lib/gcc/arm-none-eabi/4.9.3/../../../../arm-none-eabi/lib/armv7e-m/fpu\libc.a(lib_a-mprec.o)
                0x0002b288                __lshift
 .text.__mcmp   0x0002b334       0x48 c:/siliconlabs/simplicitystudio/v4/developer/toolchains/gnu_arm/4.9_2015q3/bin/../lib/gcc/arm-none-eabi/4.9.3/../../../../arm-none-eabi/lib/armv7e-m/fpu\libc.a(lib_a-mprec.o)
                0x0002b334                __mcmp
 .text.__mdiff  0x0002b37c       0xd4 c:/siliconlabs/simplicitystudio/v4/developer/toolchains/gnu_arm/4.9_2015q3/bin/../lib/gcc/arm-none-eabi/4.9.3/../../../../arm-none-eabi/lib/armv7e-m/fpu\libc.a(lib_a-mprec.o)
                0x0002b37c                __mdiff
 .text.__d2b    0x0002b450       0xbc c:/siliconlabs/simplicitystudio/v4/developer/toolchains/gnu_arm/4.9_2015q3/bin/../lib/gcc/arm-none-eabi/4.9.3/../../../../arm-none-eabi/lib/armv7e-m/fpu\libc.a(lib_a-mprec.o)
                0x0002b450                __d2b
 .text.__fpclassifyd
                0x0002b50c       0x5c c:/siliconlabs/simplicitystudio/v4/developer/toolchains/gnu_arm/4.9_2015q3/bin/../lib/gcc/arm-none-eabi/4.9.3/../../../../arm-none-eabi/lib/armv7e-m/fpu\libc.a(lib_a-s_fpclassify.o)
                0x0002b50c                __fpclassifyd
 .text._sbrk_r  0x0002b568       0x24 c:/siliconlabs/simplicitystudio/v4/developer/toolchains/gnu_arm/4.9_2015q3/bin/../lib/gcc/arm-none-eabi/4.9.3/../../../../arm-none-eabi/lib/armv7e-m/fpu\libc.a(lib_a-sbrkr.o)
                0x0002b568                _sbrk_r
 .text.strlen   0x0002b58c       0x5c c:/siliconlabs/simplicitystudio/v4/developer/toolchains/gnu_arm/4.9_2015q3/bin/../lib/gcc/arm-none-eabi/4.9.3/../../../../arm-none-eabi/lib/armv7e-m/fpu\libc.a(lib_a-strlen.o)
                0x0002b58c                strlen
 .text.__ssprint_r
                0x0002b5e8      0x104 c:/siliconlabs/simplicitystudio/v4/developer/toolchains/gnu_arm/4.9_2015q3/bin/../lib/gcc/arm-none-eabi/4.9.3/../../../../arm-none-eabi/lib/armv7e-m/fpu\libc.a(lib_a-svfiprintf.o)
                0x0002b5e8                __ssprint_r
 .text.__register_exitproc
                0x0002b6ec       0xa4 c:/siliconlabs/simplicitystudio/v4/developer/toolchains/gnu_arm/4.9_2015q3/bin/../lib/gcc/arm-none-eabi/4.9.3/../../../../arm-none-eabi/lib/armv7e-m/fpu\libc.a(lib_a-__atexit.o)
                0x0002b6ec                __register_exitproc
 .text._calloc_r
                0x0002b790       0x60 c:/siliconlabs/simplicitystudio/v4/developer/toolchains/gnu_arm/4.9_2015q3/bin/../lib/gcc/arm-none-eabi/4.9.3/../../../../arm-none-eabi/lib/armv7e-m/fpu\libc.a(lib_a-callocr.o)
                0x0002b790                _calloc_r
 .text._malloc_trim_r
                0x0002b7f0       0x9c c:/siliconlabs/simplicitystudio/v4/developer/toolchains/gnu_arm/4.9_2015q3/bin/../lib/gcc/arm-none-eabi/4.9.3/../../../../arm-none-eabi/lib/armv7e-m/fpu\libc.a(lib_a-freer.o)
                0x0002b7f0                _malloc_trim_r
 .text._free_r  0x0002b88c      0x1b0 c:/siliconlabs/simplicitystudio/v4/developer/toolchains/gnu_arm/4.9_2015q3/bin/../lib/gcc/arm-none-eabi/4.9.3/../../../../arm-none-eabi/lib/armv7e-m/fpu\libc.a(lib_a-freer.o)
                0x0002b88c                _free_r
 .text.memmove  0x0002ba3c       0xc8 c:/siliconlabs/simplicitystudio/v4/developer/toolchains/gnu_arm/4.9_2015q3/bin/../lib/gcc/arm-none-eabi/4.9.3/../../../../arm-none-eabi/lib/armv7e-m/fpu\libc.a(lib_a-memmove.o)
                0x0002ba3c                memmove
 .text._realloc_r
                0x0002bb04      0x3ec c:/siliconlabs/simplicitystudio/v4/developer/toolchains/gnu_arm/4.9_2015q3/bin/../lib/gcc/arm-none-eabi/4.9.3/../../../../arm-none-eabi/lib/armv7e-m/fpu\libc.a(lib_a-reallocr.o)
                0x0002bb04                _realloc_r
 .text._sbrk    0x0002bef0       0x1c c:/siliconlabs/simplicitystudio/v4/developer/toolchains/gnu_arm/4.9_2015q3/bin/../lib/gcc/arm-none-eabi/4.9.3/../../../../arm-none-eabi/lib/armv7e-m/fpu\libnosys.a(sbrk.o)
                0x0002bef0                _sbrk
 .text._exit    0x0002bf0c        0x4 c:/siliconlabs/simplicitystudio/v4/developer/toolchains/gnu_arm/4.9_2015q3/bin/../lib/gcc/arm-none-eabi/4.9.3/../../../../arm-none-eabi/lib/armv7e-m/fpu\libnosys.a(_exit.o)
                0x0002bf0c                _exit
 .text          0x0002bf10      0x370 c:/siliconlabs/simplicitystudio/v4/developer/toolchains/gnu_arm/4.9_2015q3/bin/../lib/gcc/arm-none-eabi/4.9.3/armv7e-m/fpu\libgcc.a(_arm_addsubdf3.o)
                0x0002bf10                __aeabi_drsub
                0x0002bf18                __aeabi_dsub
                0x0002bf18                __subdf3
                0x0002bf1c                __aeabi_dadd
                0x0002bf1c                __adddf3
                0x0002c194                __floatunsidf
                0x0002c194                __aeabi_ui2d
                0x0002c1b4                __floatsidf
                0x0002c1b4                __aeabi_i2d
                0x0002c1d8                __aeabi_f2d
                0x0002c1d8                __extendsfdf2
                0x0002c214                __floatundidf
                0x0002c214                __aeabi_ul2d
                0x0002c224                __floatdidf
                0x0002c224                __aeabi_l2d
 .text          0x0002c280      0x424 c:/siliconlabs/simplicitystudio/v4/developer/toolchains/gnu_arm/4.9_2015q3/bin/../lib/gcc/arm-none-eabi/4.9.3/armv7e-m/fpu\libgcc.a(_arm_muldivdf3.o)
                0x0002c280                __aeabi_dmul
                0x0002c280                __muldf3
                0x0002c4d4                __divdf3
                0x0002c4d4                __aeabi_ddiv
 .text          0x0002c6a4      0x110 c:/siliconlabs/simplicitystudio/v4/developer/toolchains/gnu_arm/4.9_2015q3/bin/../lib/gcc/arm-none-eabi/4.9.3/armv7e-m/fpu\libgcc.a(_arm_cmpdf2.o)
                0x0002c6a4                __gtdf2
                0x0002c6a4                __gedf2
                0x0002c6ac                __ltdf2
                0x0002c6ac                __ledf2
                0x0002c6b4                __nedf2
                0x0002c6b4                __eqdf2
                0x0002c6b4                __cmpdf2
                0x0002c730                __aeabi_cdrcmple
                0x0002c740                __aeabi_cdcmpeq
                0x0002c740                __aeabi_cdcmple
                0x0002c750                __aeabi_dcmpeq
                0x0002c764                __aeabi_dcmplt
                0x0002c778                __aeabi_dcmple
                0x0002c78c                __aeabi_dcmpge
                0x0002c7a0                __aeabi_dcmpgt
 .text          0x0002c7b4       0x50 c:/siliconlabs/simplicitystudio/v4/developer/toolchains/gnu_arm/4.9_2015q3/bin/../lib/gcc/arm-none-eabi/4.9.3/armv7e-m/fpu\libgcc.a(_arm_fixdfsi.o)
                0x0002c7b4                __aeabi_d2iz
                0x0002c7b4                __fixdfsi
 *(.init)
 .init          0x0002c804        0x4 c:/siliconlabs/simplicitystudio/v4/developer/toolchains/gnu_arm/4.9_2015q3/bin/../lib/gcc/arm-none-eabi/4.9.3/armv7e-m/fpu/crti.o
                0x0002c804                _init
 .init          0x0002c808        0x8 c:/siliconlabs/simplicitystudio/v4/developer/toolchains/gnu_arm/4.9_2015q3/bin/../lib/gcc/arm-none-eabi/4.9.3/armv7e-m/fpu/crtn.o
 *(.fini)
 .fini          0x0002c810        0x4 c:/siliconlabs/simplicitystudio/v4/developer/toolchains/gnu_arm/4.9_2015q3/bin/../lib/gcc/arm-none-eabi/4.9.3/armv7e-m/fpu/crti.o
                0x0002c810                _fini
 .fini          0x0002c814        0x8 c:/siliconlabs/simplicitystudio/v4/developer/toolchains/gnu_arm/4.9_2015q3/bin/../lib/gcc/arm-none-eabi/4.9.3/armv7e-m/fpu/crtn.o
 *crtbegin.o(.ctors)
 *crtbegin?.o(.ctors)
 *(EXCLUDE_FILE(*crtend.o *crtend?.o) .ctors)
 *(SORT(.ctors.*))
 *(.ctors)
 *crtbegin.o(.dtors)
 *crtbegin?.o(.dtors)
 *(EXCLUDE_FILE(*crtend.o *crtend?.o) .dtors)
 *(SORT(.dtors.*))
 *(.dtors)
 *(.rodata*)
 .rodata.str1.4
                0x0002c81c       0x1f ./advertisement.o
 *fill*         0x0002c83b        0x1 
 .rodata.str1.4
                0x0002c83c       0x20 ./app_hw.o
 .rodata.str1.4
                0x0002c85c       0x3f ./app_ui.o
 *fill*         0x0002c89b        0x1 
 .rodata.str1.4
                0x0002c89c       0x17 ./beacon.o
 *fill*         0x0002c8b3        0x1 
 .rodata.str1.4
                0x0002c8b4        0xc ./graphics.o
 .rodata.config
                0x0002c8c0       0x38 ./main.o
 .rodata.str1.4
                0x0002c8f8        0x4 ./main.o
 .rodata        0x0002c8fc       0x38 ./mcu.o
 .rodata        0x0002c934       0x24 ./pti.o
 .rodata.ledArray
                0x0002c958       0x10 ./hardware/kit/common/bsp/bsp_stk_leds.o
 .rodata.str1.4
                0x0002c968       0x15 ./hardware/kit/common/drivers/displayls013b7dh03.o
 *fill*         0x0002c97d        0x3 
 .rodata        0x0002c980       0x24 ./hardware/kit/common/drivers/displaypalemlib.o
 .rodata        0x0002c9a4       0x10 ./hardware/kit/common/drivers/lsm6dsl.o
 .rodata        0x0002c9b4       0x24 ./hardware/kit/common/drivers/s23lc1024.o
 .rodata        0x0002c9d8       0x18 ./hardware/kit/common/drivers/udelay.o
 .rodata.CSWTCH.45
                0x0002c9f0        0xc ./platform/emlib/src/em_cmu.o
 .rodata.CSWTCH.46
                0x0002c9fc       0x10 ./platform/emlib/src/em_cmu.o
 .rodata.CSWTCH.47
                0x0002ca0c       0x10 ./platform/emlib/src/em_cmu.o
 .rodata.CSWTCH.48
                0x0002ca1c       0x10 ./platform/emlib/src/em_cmu.o
 .rodata.i2cNSum
                0x0002ca2c        0x4 ./platform/emlib/src/em_i2c.o
 .rodata.GLIB_FontNarrow6x8
                0x0002ca30       0x10 ./platform/middleware/glib/glib/glib_font_narrow_6x8.o
                0x0002ca30                GLIB_FontNarrow6x8
 .rodata.GLIB_FontNarrow6x8PixMap
                0x0002ca40      0x320 ./platform/middleware/glib/glib/glib_font_narrow_6x8.o
 .rodata.GLIB_FontNormal8x8
                0x0002cd60       0x10 ./platform/middleware/glib/glib/glib_font_normal_8x8.o
                0x0002cd60                GLIB_FontNormal8x8
 .rodata.GLIB_FontNormal8x8PixMap
                0x0002cd70      0x320 ./platform/middleware/glib/glib/glib_font_normal_8x8.o
 .rodata        0x0002d090       0x28 G:\My Drive\R&D\Firmware Design\KHS\KHS\protocol\bluetooth_2.6\lib\EFR32BG1P\GCC\bgapi.a(gecko_bgapi_hardware.c.obj)
 .rodata        0x0002d0b8       0x30 G:\My Drive\R&D\Firmware Design\KHS\KHS\protocol\bluetooth_2.6\lib\EFR32BG1P\GCC\bgapi.a(gecko_bgapi_test.c.obj)
 .rodata        0x0002d0e8       0x28 G:\My Drive\R&D\Firmware Design\KHS\KHS\protocol\bluetooth_2.6\lib\EFR32BG1P\GCC\bgapi.a(gecko_bgapi_dfu.c.obj)
 .rodata        0x0002d110       0x78 G:\My Drive\R&D\Firmware Design\KHS\KHS\protocol\bluetooth_2.6\lib\EFR32BG1P\GCC\bgapi.a(gecko_bgapi_gap.c.obj)
 .rodata        0x0002d188       0xa8 G:\My Drive\R&D\Firmware Design\KHS\KHS\protocol\bluetooth_2.6\lib\EFR32BG1P\GCC\bgapi.a(gecko_bgapi_gatt.c.obj)
 .rodata        0x0002d230       0x50 G:\My Drive\R&D\Firmware Design\KHS\KHS\protocol\bluetooth_2.6\lib\EFR32BG1P\GCC\bgapi.a(gecko_bgapi_gatt_server.c.obj)
 .rodata        0x0002d280       0x30 G:\My Drive\R&D\Firmware Design\KHS\KHS\protocol\bluetooth_2.6\lib\EFR32BG1P\GCC\bgapi.a(gecko_bgapi_flash.c.obj)
 .rodata        0x0002d2b0       0x80 G:\My Drive\R&D\Firmware Design\KHS\KHS\protocol\bluetooth_2.6\lib\EFR32BG1P\GCC\bgapi.a(gecko_bgapi_sm.c.obj)
 .rodata        0x0002d330       0x50 G:\My Drive\R&D\Firmware Design\KHS\KHS\protocol\bluetooth_2.6\lib\EFR32BG1P\GCC\bgapi.a(gecko_bgapi_system.c.obj)
 .rodata        0x0002d380       0x10 G:\My Drive\R&D\Firmware Design\KHS\KHS\protocol\bluetooth_2.6\lib\EFR32BG1P\GCC\bgapi.a(gecko_bgapi_endpoint.c.obj)
 .rodata        0x0002d390       0x30 G:\My Drive\R&D\Firmware Design\KHS\KHS\protocol\bluetooth_2.6\lib\EFR32BG1P\GCC\bgapi.a(gecko_bgapi_le_connection.c.obj)
 .rodata        0x0002d3c0       0x18 G:\My Drive\R&D\Firmware Design\KHS\KHS\protocol\bluetooth_2.6\lib\EFR32BG1P\GCC\bgapi.a(bgapi_sm.c.obj)
 .rodata        0x0002d3d8        0x4 G:\My Drive\R&D\Firmware Design\KHS\KHS\protocol\bluetooth_2.6\lib\EFR32BG1P\GCC\bgapi.a(gatt_client.c.obj)
 .rodata.str1.4
                0x0002d3dc        0x2 c:/siliconlabs/simplicitystudio/v4/developer/toolchains/gnu_arm/4.9_2015q3/bin/../lib/gcc/arm-none-eabi/4.9.3/../../../../arm-none-eabi/lib/armv7e-m/fpu\libc.a(lib_a-impure.o)
 *fill*         0x0002d3de        0x2 
 .rodata._global_impure_ptr
                0x0002d3e0        0x4 c:/siliconlabs/simplicitystudio/v4/developer/toolchains/gnu_arm/4.9_2015q3/bin/../lib/gcc/arm-none-eabi/4.9.3/../../../../arm-none-eabi/lib/armv7e-m/fpu\libc.a(lib_a-impure.o)
                0x0002d3e0                _global_impure_ptr
 .rodata.zeroes.6911
                0x0002d3e4       0x10 c:/siliconlabs/simplicitystudio/v4/developer/toolchains/gnu_arm/4.9_2015q3/bin/../lib/gcc/arm-none-eabi/4.9.3/../../../../arm-none-eabi/lib/armv7e-m/fpu\libc.a(lib_a-svfprintf.o)
 .rodata.blanks.6910
                0x0002d3f4       0x10 c:/siliconlabs/simplicitystudio/v4/developer/toolchains/gnu_arm/4.9_2015q3/bin/../lib/gcc/arm-none-eabi/4.9.3/../../../../arm-none-eabi/lib/armv7e-m/fpu\libc.a(lib_a-svfprintf.o)
 .rodata.str1.4
                0x0002d404       0x42 c:/siliconlabs/simplicitystudio/v4/developer/toolchains/gnu_arm/4.9_2015q3/bin/../lib/gcc/arm-none-eabi/4.9.3/../../../../arm-none-eabi/lib/armv7e-m/fpu\libc.a(lib_a-svfprintf.o)
 *fill*         0x0002d446        0x2 
 .rodata.str1.4
                0x0002d448       0x10 c:/siliconlabs/simplicitystudio/v4/developer/toolchains/gnu_arm/4.9_2015q3/bin/../lib/gcc/arm-none-eabi/4.9.3/../../../../arm-none-eabi/lib/armv7e-m/fpu\libc.a(lib_a-dtoa.o)
                                 0x12 (size before relaxing)
 .rodata.str1.4
                0x0002d458        0xc c:/siliconlabs/simplicitystudio/v4/developer/toolchains/gnu_arm/4.9_2015q3/bin/../lib/gcc/arm-none-eabi/4.9.3/../../../../arm-none-eabi/lib/armv7e-m/fpu\libc.a(lib_a-locale.o)
                                 0x12 (size before relaxing)
 *fill*         0x0002d464        0x4 
 .rodata.__mprec_tens
                0x0002d468       0xc8 c:/siliconlabs/simplicitystudio/v4/developer/toolchains/gnu_arm/4.9_2015q3/bin/../lib/gcc/arm-none-eabi/4.9.3/../../../../arm-none-eabi/lib/armv7e-m/fpu\libc.a(lib_a-mprec.o)
                0x0002d468                __mprec_tens
 .rodata.p05.5302
                0x0002d530        0xc c:/siliconlabs/simplicitystudio/v4/developer/toolchains/gnu_arm/4.9_2015q3/bin/../lib/gcc/arm-none-eabi/4.9.3/../../../../arm-none-eabi/lib/armv7e-m/fpu\libc.a(lib_a-mprec.o)
 *fill*         0x0002d53c        0x4 
 .rodata.__mprec_bigtens
                0x0002d540       0x28 c:/siliconlabs/simplicitystudio/v4/developer/toolchains/gnu_arm/4.9_2015q3/bin/../lib/gcc/arm-none-eabi/4.9.3/../../../../arm-none-eabi/lib/armv7e-m/fpu\libc.a(lib_a-mprec.o)
                0x0002d540                __mprec_bigtens
 *(.eh_frame*)
 .eh_frame      0x0002d568        0x0 c:/siliconlabs/simplicitystudio/v4/developer/toolchains/gnu_arm/4.9_2015q3/bin/../lib/gcc/arm-none-eabi/4.9.3/armv7e-m/fpu/crtbegin.o
 .eh_frame      0x0002d568        0x0 c:/siliconlabs/simplicitystudio/v4/developer/toolchains/gnu_arm/4.9_2015q3/bin/../lib/gcc/arm-none-eabi/4.9.3/../../../../arm-none-eabi/lib/armv7e-m/fpu\libc.a(lib_a-strcmp.o)
                                 0x70 (size before relaxing)
 .eh_frame      0x0002d568        0x4 c:/siliconlabs/simplicitystudio/v4/developer/toolchains/gnu_arm/4.9_2015q3/bin/../lib/gcc/arm-none-eabi/4.9.3/armv7e-m/fpu/crtend.o
                0x0002d56c                . = ALIGN (0x4)

.glue_7         0x0002d56c        0x0
 .glue_7        0x00000000        0x0 linker stubs

.glue_7t        0x0002d56c        0x0
 .glue_7t       0x00000000        0x0 linker stubs

.vfp11_veneer   0x0002d56c        0x0
 .vfp11_veneer  0x00000000        0x0 linker stubs

.v4_bx          0x0002d56c        0x0
 .v4_bx         0x00000000        0x0 linker stubs

.iplt           0x0002d56c        0x0
 .iplt          0x00000000        0x0 c:/siliconlabs/simplicitystudio/v4/developer/toolchains/gnu_arm/4.9_2015q3/bin/../lib/gcc/arm-none-eabi/4.9.3/armv7e-m/fpu/crtbegin.o

.igot.plt       0x0002d56c        0x0
 .igot.plt      0x00000000        0x0 c:/siliconlabs/simplicitystudio/v4/developer/toolchains/gnu_arm/4.9_2015q3/bin/../lib/gcc/arm-none-eabi/4.9.3/armv7e-m/fpu/crtbegin.o

.text_app_ARM.extab
 *(.ARM.extab* .gnu.linkonce.armextab.*)
                0x0002d56c                __exidx_start = .

.text_app_ARM.exidx
                0x0002d56c        0x8
 *(.ARM.exidx* .gnu.linkonce.armexidx.*)
 .ARM.exidx     0x0002d56c        0x8 c:/siliconlabs/simplicitystudio/v4/developer/toolchains/gnu_arm/4.9_2015q3/bin/../lib/gcc/arm-none-eabi/4.9.3/../../../../arm-none-eabi/lib/armv7e-m/fpu/crt0.o
 .ARM.exidx     0x0002d574        0x0 c:/siliconlabs/simplicitystudio/v4/developer/toolchains/gnu_arm/4.9_2015q3/bin/../lib/gcc/arm-none-eabi/4.9.3/armv7e-m/fpu\libgcc.a(_divdi3.o)
                                  0x8 (size before relaxing)
 .ARM.exidx     0x0002d574        0x0 c:/siliconlabs/simplicitystudio/v4/developer/toolchains/gnu_arm/4.9_2015q3/bin/../lib/gcc/arm-none-eabi/4.9.3/armv7e-m/fpu\libgcc.a(_udivdi3.o)
                                  0x8 (size before relaxing)
                0x0002d574                __exidx_end = .
                0x0002d574                __etext = .

.rel.dyn        0x0002d574        0x0
 .rel.iplt      0x00000000        0x0 c:/siliconlabs/simplicitystudio/v4/developer/toolchains/gnu_arm/4.9_2015q3/bin/../lib/gcc/arm-none-eabi/4.9.3/armv7e-m/fpu/crtbegin.o

.text_app_data  0x20003000      0xacc load address 0x0002d574
                0x20003000                __data_start__ = .
 *(vtable)
 *(.data*)
 .data.advConnectableMode
                0x20003000        0x1 ./advertisement.o
 .data.bleClientConnection
                0x20003001        0x1 ./app_ble.o
 .data.button0Released.9021
                0x20003002        0x1 ./app_ui.o
 .data.button1Released.9022
                0x20003003        0x1 ./app_ui.o
 .data.appUiLedSeqOffReq
                0x20003004        0x8 ./app_ui.o
 .data.activeReq.9017
                0x2000300c        0x4 ./app_ui.o
 .data.bcnBeaconAdvData
                0x20003010       0x1e ./beacon.o
 *fill*         0x2000302e        0x2 
 .data.bg_gattdb_data_attribute_field_22_data
                0x20003030       0xfd ./gatt_db.o
                0x20003030                bg_gattdb_data_attribute_field_22_data
 *fill*         0x2000312d        0x3 
 .data.bg_gattdb_data_attribute_field_19_data
                0x20003130       0xfd ./gatt_db.o
                0x20003130                bg_gattdb_data_attribute_field_19_data
 *fill*         0x2000322d        0x3 
 .data.pDisplayDeviceDriverInitFunctions
                0x20003230        0x8 ./hardware/kit/common/drivers/display.o
 .data.pixelMatrixPool
                0x20003238        0x4 ./hardware/kit/common/drivers/displayls013b7dh03.o
 .data.loops_per_jiffy
                0x2000323c        0x4 ./hardware/kit/common/drivers/udelay.o
                0x2000323c                loops_per_jiffy
 .data.auxHfrcoFreq
                0x20003240        0x4 ./platform/emlib/src/em_cmu.o
 *fill*         0x20003244        0x4 
 .data.impure_data
                0x20003248      0x428 c:/siliconlabs/simplicitystudio/v4/developer/toolchains/gnu_arm/4.9_2015q3/bin/../lib/gcc/arm-none-eabi/4.9.3/../../../../arm-none-eabi/lib/armv7e-m/fpu\libc.a(lib_a-impure.o)
 .data._impure_ptr
                0x20003670        0x4 c:/siliconlabs/simplicitystudio/v4/developer/toolchains/gnu_arm/4.9_2015q3/bin/../lib/gcc/arm-none-eabi/4.9.3/../../../../arm-none-eabi/lib/armv7e-m/fpu\libc.a(lib_a-impure.o)
                0x20003670                _impure_ptr
 .data.lconv    0x20003674       0x38 c:/siliconlabs/simplicitystudio/v4/developer/toolchains/gnu_arm/4.9_2015q3/bin/../lib/gcc/arm-none-eabi/4.9.3/../../../../arm-none-eabi/lib/armv7e-m/fpu\libc.a(lib_a-locale.o)
 .data.__malloc_av_
                0x200036ac      0x408 c:/siliconlabs/simplicitystudio/v4/developer/toolchains/gnu_arm/4.9_2015q3/bin/../lib/gcc/arm-none-eabi/4.9.3/../../../../arm-none-eabi/lib/armv7e-m/fpu\libc.a(lib_a-mallocr.o)
                0x200036ac                __malloc_av_
 .data.__malloc_trim_threshold
                0x20003ab4        0x4 c:/siliconlabs/simplicitystudio/v4/developer/toolchains/gnu_arm/4.9_2015q3/bin/../lib/gcc/arm-none-eabi/4.9.3/../../../../arm-none-eabi/lib/armv7e-m/fpu\libc.a(lib_a-mallocr.o)
                0x20003ab4                __malloc_trim_threshold
 .data.__malloc_sbrk_base
                0x20003ab8        0x4 c:/siliconlabs/simplicitystudio/v4/developer/toolchains/gnu_arm/4.9_2015q3/bin/../lib/gcc/arm-none-eabi/4.9.3/../../../../arm-none-eabi/lib/armv7e-m/fpu\libc.a(lib_a-mallocr.o)
                0x20003ab8                __malloc_sbrk_base
                0x20003abc                . = ALIGN (0x4)
 *(.ram)
                0x20003abc                . = ALIGN (0x4)
                0x20003abc                PROVIDE (__preinit_array_start, .)
 *(.preinit_array)
                0x20003abc                PROVIDE (__preinit_array_end, .)
                0x20003abc                . = ALIGN (0x4)
                0x20003abc                PROVIDE (__init_array_start, .)
 *(SORT(.init_array.*))
 .init_array.00000
                0x20003abc        0x4 c:/siliconlabs/simplicitystudio/v4/developer/toolchains/gnu_arm/4.9_2015q3/bin/../lib/gcc/arm-none-eabi/4.9.3/../../../../arm-none-eabi/lib/armv7e-m/fpu\libc.a(lib_a-__call_atexit.o)
 *(.init_array)
 .init_array    0x20003ac0        0x4 c:/siliconlabs/simplicitystudio/v4/developer/toolchains/gnu_arm/4.9_2015q3/bin/../lib/gcc/arm-none-eabi/4.9.3/armv7e-m/fpu/crtbegin.o
                0x20003ac4                PROVIDE (__init_array_end, .)
                0x20003ac4                . = ALIGN (0x4)
                0x20003ac4                PROVIDE (__fini_array_start, .)
 *(SORT(.fini_array.*))
 *(.fini_array)
 .fini_array    0x20003ac4        0x4 c:/siliconlabs/simplicitystudio/v4/developer/toolchains/gnu_arm/4.9_2015q3/bin/../lib/gcc/arm-none-eabi/4.9.3/armv7e-m/fpu/crtbegin.o
                0x20003ac8                PROVIDE (__fini_array_end, .)
 *(.jcr*)
 .jcr           0x20003ac8        0x0 c:/siliconlabs/simplicitystudio/v4/developer/toolchains/gnu_arm/4.9_2015q3/bin/../lib/gcc/arm-none-eabi/4.9.3/armv7e-m/fpu/crtbegin.o
 .jcr           0x20003ac8        0x4 c:/siliconlabs/simplicitystudio/v4/developer/toolchains/gnu_arm/4.9_2015q3/bin/../lib/gcc/arm-none-eabi/4.9.3/armv7e-m/fpu/crtend.o
                0x20003acc                . = ALIGN (0x4)
                0x20003acc                __data_end__ = .

.bss            0x20003ad0     0x2658 load address 0x0002e048
                0x20003ad0                . = ALIGN (0x4)
                0x20003ad0                __bss_start__ = .
 *(.bss*)
 .bss           0x20003ad0       0x1c c:/siliconlabs/simplicitystudio/v4/developer/toolchains/gnu_arm/4.9_2015q3/bin/../lib/gcc/arm-none-eabi/4.9.3/armv7e-m/fpu/crtbegin.o
 .bss.advIsConnected
                0x20003aec        0x1 ./advertisement.o
 *fill*         0x20003aed        0x3 
 .bss.dispPolarityInvert
                0x20003af0        0x4 ./app.o
 .bss.boot_to_dfu.8819
                0x20003af4        0x1 ./app.o
 *fill*         0x20003af5        0x3 
 .bss.valueTest
                0x20003af8       0xfb ./app_ble.o
 *fill*         0x20003bf3        0x1 
 .bss.tempResult
                0x20003bf4        0x2 ./app_ble.o
 .bss.counter   0x20003bf6        0x2 ./app_ble.o
 .bss.timeStampLowAccelGyro
                0x20003bf8        0x8 ./app_data.o
 .bss.indexHighAccel
                0x20003c00        0x1 ./app_data.o
 .bss.indexLowAccelGyro
                0x20003c01        0x1 ./app_data.o
 *fill*         0x20003c02        0x6 
 .bss.timeStampHighAccel
                0x20003c08        0x8 ./app_data.o
 .bss.si7013_status
                0x20003c10        0x1 ./app_hw.o
 .bss.sramErrorFlag
                0x20003c11        0x1 ./app_hw.o
 .bss.highAccelSensErrorFlag
                0x20003c12        0x1 ./app_hw.o
 .bss.lowAccelGyroSensErrorFlag
                0x20003c13        0x1 ./app_hw.o
 .bss.button1Time.9024
                0x20003c14        0x2 ./app_ui.o
 .bss.pos.9016  0x20003c16        0x1 ./app_ui.o
 *fill*         0x20003c17        0x1 
 .bss.appUiLedSeqReq
                0x20003c18        0x4 ./app_ui.o
 .bss.button0Time.9023
                0x20003c1c        0x2 ./app_ui.o
 *fill*         0x20003c1e        0x2 
 .bss.appUiLedSeqOff
                0x20003c20        0x2 ./app_ui.o
 *fill*         0x20003c22        0x2 
 .bss.appUiHeaderString
                0x20003c24       0x40 ./app_ui.o
 .bss.appUiBtn  0x20003c64        0x4 ./app_ui.o
 .bss.bg_gattdb_data_attribute_field_2_data
                0x20003c68        0x4 ./gatt_db.o
                0x20003c68                bg_gattdb_data_attribute_field_2_data
 .bss.bg_gattdb_data_attribute_field_25_data
                0x20003c6c        0x3 ./gatt_db.o
                0x20003c6c                bg_gattdb_data_attribute_field_25_data
 *fill*         0x20003c6f        0x1 
 .bss.deviceHeader
                0x20003c70        0x4 ./graphics.o
 .bss.glibContext
                0x20003c74       0x2c ./graphics.o
 .bss.graphLineNum
                0x20003ca0        0x1 ./graphics.o
 *fill*         0x20003ca1        0x3 
 .bss.devicesRegistered
                0x20003ca4        0x4 ./hardware/kit/common/drivers/display.o
 .bss.deviceTable
                0x20003ca8       0x30 ./hardware/kit/common/drivers/display.o
 .bss.moduleInitialized
                0x20003cd8        0x1 ./hardware/kit/common/drivers/display.o
 *fill*         0x20003cd9        0x3 
 .bss.pixelMatrixPoolBase
                0x20003cdc      0x800 ./hardware/kit/common/drivers/displayls013b7dh03.o
 .bss.initializedFlag
                0x200044dc        0x1 ./hardware/kit/common/drivers/h3lis331dl.o
 *fill*         0x200044dd        0x3 
 .bss.i2cPort   0x200044e0        0x4 ./hardware/kit/common/drivers/h3lis331dl.o
 .bss.portSetupFlag
                0x200044e4        0x1 ./hardware/kit/common/drivers/h3lis331dl.o
 .bss.i2cAddr   0x200044e5        0x1 ./hardware/kit/common/drivers/h3lis331dl.o
 .bss.commMode  0x200044e6        0x1 ./hardware/kit/common/drivers/h3lis331dl.o
 .bss.initializedFlag
                0x200044e7        0x1 ./hardware/kit/common/drivers/lsm6dsl.o
 .bss.commMode  0x200044e8        0x1 ./hardware/kit/common/drivers/lsm6dsl.o
 *fill*         0x200044e9        0x3 
 .bss.chTable   0x200044ec       0xa0 ./platform/emdrv/dmadrv/src/dmadrv.o
 .bss.dmaXfer   0x2000458c      0x100 ./platform/emdrv/dmadrv/src/dmadrv.o
 .bss.gpioCallbacks
                0x2000468c       0x40 ./platform/emdrv/gpiointerrupt/src/gpiointerrupt.o
 *fill*         0x200046cc        0x4 
 .bss.leCounter
                0x200046d0        0x8 ./platform/emdrv/letimer/src/letimer.o
 .bss.msCounter
                0x200046d8        0x8 ./platform/emdrv/mstimer/src/mstimer.o
 .bss.timeElapsed
                0x200046e0        0x1 ./platform/emdrv/ustimer/src/ustimer.o
 *fill*         0x200046e1        0x3 
 .bss.i2cTransfer
                0x200046e4       0x10 ./platform/emlib/src/em_i2c.o
 .bss.pixelMatrixBuffer
                0x200046f4        0x4 ./platform/middleware/glib/dmd/display/dmd_display.o
 .bss.displayDevice
                0x200046f8       0x30 ./platform/middleware/glib/dmd/display/dmd_display.o
 .bss.dimensions
                0x20004728        0xc ./platform/middleware/glib/dmd/display/dmd_display.o
 .bss.moduleInitialized
                0x20004734        0x1 ./platform/middleware/glib/dmd/display/dmd_display.o
 *fill*         0x20004735        0x3 
 .bss           0x20004738        0x4 G:\My Drive\R&D\Firmware Design\KHS\KHS\protocol\bluetooth_2.6\lib\EFR32BG1P\GCC\bgapi.a(bgapi_hardware.c.obj)
 .bss           0x2000473c        0x5 G:\My Drive\R&D\Firmware Design\KHS\KHS\protocol\bluetooth_2.6\lib\EFR32BG1P\GCC\bgapi.a(bgapi_test_lib.c.obj)
 *fill*         0x20004741        0x1 
 .bss           0x20004742        0x2 G:\My Drive\R&D\Firmware Design\KHS\KHS\protocol\bluetooth_2.6\lib\EFR32BG1P\GCC\bgapi.a(bgapi_gap.c.obj)
                0x20004742                legacy_maxadv_events
 .bss           0x20004744        0x4 G:\My Drive\R&D\Firmware Design\KHS\KHS\protocol\bluetooth_2.6\lib\EFR32BG1P\GCC\bgapi.a(bgapi_ps.c.obj)
 .bss           0x20004748        0x4 G:\My Drive\R&D\Firmware Design\KHS\KHS\protocol\bluetooth_2.6\lib\EFR32BG1P\GCC\bgapi.a(bgapi_sm.c.obj)
 .bss           0x2000474c        0x4 G:\My Drive\R&D\Firmware Design\KHS\KHS\protocol\bluetooth_2.6\lib\EFR32BG1P\GCC\bgapi.a(bgapi_system.c.obj)
 .bss.__malloc_max_total_mem
                0x20004750        0x4 c:/siliconlabs/simplicitystudio/v4/developer/toolchains/gnu_arm/4.9_2015q3/bin/../lib/gcc/arm-none-eabi/4.9.3/../../../../arm-none-eabi/lib/armv7e-m/fpu\libc.a(lib_a-mallocr.o)
                0x20004750                __malloc_max_total_mem
 .bss.__malloc_max_sbrked_mem
                0x20004754        0x4 c:/siliconlabs/simplicitystudio/v4/developer/toolchains/gnu_arm/4.9_2015q3/bin/../lib/gcc/arm-none-eabi/4.9.3/../../../../arm-none-eabi/lib/armv7e-m/fpu\libc.a(lib_a-mallocr.o)
                0x20004754                __malloc_max_sbrked_mem
 .bss.__malloc_top_pad
                0x20004758        0x4 c:/siliconlabs/simplicitystudio/v4/developer/toolchains/gnu_arm/4.9_2015q3/bin/../lib/gcc/arm-none-eabi/4.9.3/../../../../arm-none-eabi/lib/armv7e-m/fpu\libc.a(lib_a-mallocr.o)
                0x20004758                __malloc_top_pad
 .bss.__malloc_current_mallinfo
                0x2000475c       0x28 c:/siliconlabs/simplicitystudio/v4/developer/toolchains/gnu_arm/4.9_2015q3/bin/../lib/gcc/arm-none-eabi/4.9.3/../../../../arm-none-eabi/lib/armv7e-m/fpu\libc.a(lib_a-mallocr.o)
                0x2000475c                __malloc_current_mallinfo
 .bss.heap_end.4079
                0x20004784        0x4 c:/siliconlabs/simplicitystudio/v4/developer/toolchains/gnu_arm/4.9_2015q3/bin/../lib/gcc/arm-none-eabi/4.9.3/../../../../arm-none-eabi/lib/armv7e-m/fpu\libnosys.a(sbrk.o)
 *(COMMON)
 COMMON         0x20004788     0x1988 ./main.o
                0x20004788                bluetooth_stack_heap
 COMMON         0x20006110       0x10 ./platform/middleware/glib/dmd/display/dmd_display.o
                0x20006110                dirtyRows
 COMMON         0x20006120        0x4 G:\My Drive\R&D\Firmware Design\KHS\KHS\protocol\bluetooth_2.6\lib\EFR32BG1P\GCC\bgapi.a(bgapi_test_lib.c.obj)
                0x20006120                msg_sender
 COMMON         0x20006124        0x4 c:/siliconlabs/simplicitystudio/v4/developer/toolchains/gnu_arm/4.9_2015q3/bin/../lib/gcc/arm-none-eabi/4.9.3/../../../../arm-none-eabi/lib/armv7e-m/fpu\libc.a(lib_a-reent.o)
                0x20006124                errno
                0x20006128                . = ALIGN (0x4)
                0x20006128                __bss_end__ = .

.heap           0x20006128      0xc00
                0x20006128                __HeapBase = .
                0x20006128                __end__ = .
                0x20006128                end = __end__
                0x20006128                _end = __end__
 *(.heap*)
 .heap          0x20006128      0xc00 ./platform/Device/SiliconLabs/EFR32BG1P/Source/GCC/startup_efr32bg1p.o
                0x20006d28                __HeapLimit = .

.stack_dummy    0x20006d28      0x400
 *(.stack*)
 .stack         0x20006d28      0x400 ./platform/Device/SiliconLabs/EFR32BG1P/Source/GCC/startup_efr32bg1p.o
                0x20007bfc                __StackTop = (ORIGIN (RAM) + 0x4bfc)
                0x200077fc                __StackLimit = (__StackTop - SIZEOF (.stack_dummy))
                0x20007bfc                PROVIDE (__stack, __StackTop)
                0x00000001                ASSERT ((__StackLimit >= __HeapLimit), region RAM overflowed with stack)
                0x00000001                ASSERT ((0x3f000 >= (__etext + SIZEOF (.text_app_data))), FLASH memory overflowed !)
OUTPUT(KHS.axf elf32-littlearm)

.ARM.attributes
                0x00000000       0x30
 .ARM.attributes
                0x00000000       0x22 c:/siliconlabs/simplicitystudio/v4/developer/toolchains/gnu_arm/4.9_2015q3/bin/../lib/gcc/arm-none-eabi/4.9.3/armv7e-m/fpu/crti.o
 .ARM.attributes
                0x00000022       0x34 c:/siliconlabs/simplicitystudio/v4/developer/toolchains/gnu_arm/4.9_2015q3/bin/../lib/gcc/arm-none-eabi/4.9.3/armv7e-m/fpu/crtbegin.o
 .ARM.attributes
                0x00000056       0x20 c:/siliconlabs/simplicitystudio/v4/developer/toolchains/gnu_arm/4.9_2015q3/bin/../lib/gcc/arm-none-eabi/4.9.3/../../../../arm-none-eabi/lib/armv7e-m/fpu/crt0.o
 .ARM.attributes
                0x00000076       0x39 ./advertisement.o
 .ARM.attributes
                0x000000af       0x39 ./app.o
 .ARM.attributes
                0x000000e8       0x39 ./app_ble.o
 .ARM.attributes
                0x00000121       0x39 ./app_data.o
 .ARM.attributes
                0x0000015a       0x39 ./app_hw.o
 .ARM.attributes
                0x00000193       0x39 ./app_ui.o
 .ARM.attributes
                0x000001cc       0x39 ./application_properties.o
 .ARM.attributes
                0x00000205       0x39 ./beacon.o
 .ARM.attributes
                0x0000023e       0x39 ./board.o
 .ARM.attributes
                0x00000277       0x39 ./gatt_db.o
 .ARM.attributes
                0x000002b0       0x39 ./graphics.o
 .ARM.attributes
                0x000002e9       0x39 ./main.o
 .ARM.attributes
                0x00000322       0x39 ./mcu.o
 .ARM.attributes
                0x0000035b       0x39 ./pti.o
 .ARM.attributes
                0x00000394       0x39 ./hardware/kit/common/bsp/bsp_stk_leds.o
 .ARM.attributes
                0x000003cd       0x39 ./hardware/kit/common/drivers/display.o
 .ARM.attributes
                0x00000406       0x39 ./hardware/kit/common/drivers/displayls013b7dh03.o
 .ARM.attributes
                0x0000043f       0x39 ./hardware/kit/common/drivers/displaypalemlib.o
 .ARM.attributes
                0x00000478       0x39 ./hardware/kit/common/drivers/h3lis331dl.o
 .ARM.attributes
                0x000004b1       0x39 ./hardware/kit/common/drivers/i2cspm.o
 .ARM.attributes
                0x000004ea       0x39 ./hardware/kit/common/drivers/lsm6dsl.o
 .ARM.attributes
                0x00000523       0x39 ./hardware/kit/common/drivers/s23lc1024.o
 .ARM.attributes
                0x0000055c       0x39 ./hardware/kit/common/drivers/si7013.o
 .ARM.attributes
                0x00000595       0x39 ./hardware/kit/common/drivers/udelay.o
 .ARM.attributes
                0x000005ce       0x39 ./platform/Device/SiliconLabs/EFR32BG1P/Source/GCC/startup_efr32bg1p.o
 .ARM.attributes
                0x00000607       0x39 ./platform/emdrv/dmadrv/src/dmadrv.o
 .ARM.attributes
                0x00000640       0x39 ./platform/emdrv/gpiointerrupt/src/gpiointerrupt.o
 .ARM.attributes
                0x00000679       0x39 ./platform/emdrv/letimer/src/letimer.o
 .ARM.attributes
                0x000006b2       0x39 ./platform/emdrv/mstimer/src/mstimer.o
 .ARM.attributes
                0x000006eb       0x39 ./platform/emdrv/ustimer/src/ustimer.o
 .ARM.attributes
                0x00000724       0x39 ./platform/emlib/src/em_cmu.o
 .ARM.attributes
                0x0000075d       0x39 ./platform/emlib/src/em_gpio.o
 .ARM.attributes
                0x00000796       0x39 ./platform/emlib/src/em_i2c.o
 .ARM.attributes
                0x000007cf       0x39 ./platform/emlib/src/em_letimer.o
 .ARM.attributes
                0x00000808       0x39 ./platform/emlib/src/em_rtcc.o
 .ARM.attributes
                0x00000841       0x39 ./platform/emlib/src/em_system.o
 .ARM.attributes
                0x0000087a       0x39 ./platform/emlib/src/em_usart.o
 .ARM.attributes
                0x000008b3       0x39 ./platform/middleware/glib/dmd/display/dmd_display.o
 .ARM.attributes
                0x000008ec       0x39 ./platform/middleware/glib/glib/glib.o
 .ARM.attributes
                0x00000925       0x39 ./platform/middleware/glib/glib/glib_font_narrow_6x8.o
 .ARM.attributes
                0x0000095e       0x39 ./platform/middleware/glib/glib/glib_font_normal_8x8.o
 .ARM.attributes
                0x00000997       0x39 ./platform/middleware/glib/glib/glib_rectangle.o
 .ARM.attributes
                0x000009d0       0x39 ./platform/middleware/glib/glib/glib_string.o
 .ARM.attributes
                0x00000a09       0x1c G:\My Drive\R&D\Firmware Design\KHS\KHS\protocol\bluetooth_2.6\lib\EFR32BG1P\EABI\binbootloader.o
 .ARM.attributes
                0x00000a25       0x1c G:\My Drive\R&D\Firmware Design\KHS\KHS\protocol\bluetooth_2.6\lib\EFR32BG1P\EABI\binstack.o
 .ARM.attributes
                0x00000a41       0x39 G:\My Drive\R&D\Firmware Design\KHS\KHS\protocol\bluetooth_2.6\lib\EFR32BG1P\GCC\bgapi.a(gecko_bgapi_hardware.c.obj)
 .ARM.attributes
                0x00000a7a       0x39 G:\My Drive\R&D\Firmware Design\KHS\KHS\protocol\bluetooth_2.6\lib\EFR32BG1P\GCC\bgapi.a(gecko_bgapi_test.c.obj)
 .ARM.attributes
                0x00000ab3       0x39 G:\My Drive\R&D\Firmware Design\KHS\KHS\protocol\bluetooth_2.6\lib\EFR32BG1P\GCC\bgapi.a(gecko_bgapi_dfu.c.obj)
 .ARM.attributes
                0x00000aec       0x39 G:\My Drive\R&D\Firmware Design\KHS\KHS\protocol\bluetooth_2.6\lib\EFR32BG1P\GCC\bgapi.a(gecko_bgapi_gap.c.obj)
 .ARM.attributes
                0x00000b25       0x39 G:\My Drive\R&D\Firmware Design\KHS\KHS\protocol\bluetooth_2.6\lib\EFR32BG1P\GCC\bgapi.a(gecko_bgapi_gatt.c.obj)
 .ARM.attributes
                0x00000b5e       0x39 G:\My Drive\R&D\Firmware Design\KHS\KHS\protocol\bluetooth_2.6\lib\EFR32BG1P\GCC\bgapi.a(gecko_bgapi_gatt_server.c.obj)
 .ARM.attributes
                0x00000b97       0x39 G:\My Drive\R&D\Firmware Design\KHS\KHS\protocol\bluetooth_2.6\lib\EFR32BG1P\GCC\bgapi.a(gecko_bgapi_flash.c.obj)
 .ARM.attributes
                0x00000bd0       0x39 G:\My Drive\R&D\Firmware Design\KHS\KHS\protocol\bluetooth_2.6\lib\EFR32BG1P\GCC\bgapi.a(gecko_bgapi_sm.c.obj)
 .ARM.attributes
                0x00000c09       0x39 G:\My Drive\R&D\Firmware Design\KHS\KHS\protocol\bluetooth_2.6\lib\EFR32BG1P\GCC\bgapi.a(gecko_bgapi_system.c.obj)
 .ARM.attributes
                0x00000c42       0x39 G:\My Drive\R&D\Firmware Design\KHS\KHS\protocol\bluetooth_2.6\lib\EFR32BG1P\GCC\bgapi.a(gecko_bgapi_endpoint.c.obj)
 .ARM.attributes
                0x00000c7b       0x39 G:\My Drive\R&D\Firmware Design\KHS\KHS\protocol\bluetooth_2.6\lib\EFR32BG1P\GCC\bgapi.a(gecko_bgapi_le_connection.c.obj)
 .ARM.attributes